<?xml version="1.0"?>
<link_info>
   <banner>TI ARM Linker PC v16.9.0.LTS</banner>
   <copyright>Copyright (c) 1996-2015 Texas Instruments Incorporated</copyright>
   <link_time>0x5963fdc0</link_time>
   <link_errors>0x0</link_errors>
   <output_file>Slot_Machine.out</output_file>
   <entry_point>
      <name>_c_int00</name>
      <address>0x101e1</address>
   </entry_point>
   <input_file_list>
      <input_file id="fl-2">
         <path>.\</path>
         <kind>object</kind>
         <file>ST7735.obj</file>
         <name>ST7735.obj</name>
      </input_file>
      <input_file id="fl-3">
         <path>.\</path>
         <kind>object</kind>
         <file>game.obj</file>
         <name>game.obj</name>
      </input_file>
      <input_file id="fl-4">
         <path>.\</path>
         <kind>object</kind>
         <file>main.obj</file>
         <name>main.obj</name>
      </input_file>
      <input_file id="fl-5">
         <path>.\</path>
         <kind>object</kind>
         <file>startup_msp432p401r_ccs.obj</file>
         <name>startup_msp432p401r_ccs.obj</name>
      </input_file>
      <input_file id="fl-6">
         <path>.\</path>
         <kind>object</kind>
         <file>supportFunctions.obj</file>
         <name>supportFunctions.obj</name>
      </input_file>
      <input_file id="fl-7">
         <path>.\</path>
         <kind>object</kind>
         <file>system_msp432p401r.obj</file>
         <name>system_msp432p401r.obj</name>
      </input_file>
      <input_file id="fl-c2">
         <path>C:\ti\ccsv7\tools\compiler\ti-cgt-arm_16.9.0.LTS\lib\</path>
         <kind>archive</kind>
         <file>rtsv7M4_T_le_v4SPD16_eabi.lib</file>
         <name>boot.obj</name>
      </input_file>
      <input_file id="fl-c3">
         <path>C:\ti\ccsv7\tools\compiler\ti-cgt-arm_16.9.0.LTS\lib\</path>
         <kind>archive</kind>
         <file>rtsv7M4_T_le_v4SPD16_eabi.lib</file>
         <name>copy_decompress_lzss.obj</name>
      </input_file>
      <input_file id="fl-c4">
         <path>C:\ti\ccsv7\tools\compiler\ti-cgt-arm_16.9.0.LTS\lib\</path>
         <kind>archive</kind>
         <file>rtsv7M4_T_le_v4SPD16_eabi.lib</file>
         <name>copy_decompress_none.obj</name>
      </input_file>
      <input_file id="fl-c5">
         <path>C:\ti\ccsv7\tools\compiler\ti-cgt-arm_16.9.0.LTS\lib\</path>
         <kind>archive</kind>
         <file>rtsv7M4_T_le_v4SPD16_eabi.lib</file>
         <name>copy_zero_init.obj</name>
      </input_file>
      <input_file id="fl-c6">
         <path>C:\ti\ccsv7\tools\compiler\ti-cgt-arm_16.9.0.LTS\lib\</path>
         <kind>archive</kind>
         <file>rtsv7M4_T_le_v4SPD16_eabi.lib</file>
         <name>exit.obj</name>
      </input_file>
      <input_file id="fl-c7">
         <path>C:\ti\ccsv7\tools\compiler\ti-cgt-arm_16.9.0.LTS\lib\</path>
         <kind>archive</kind>
         <file>rtsv7M4_T_le_v4SPD16_eabi.lib</file>
         <name>memcpy_t2.obj</name>
      </input_file>
      <input_file id="fl-c8">
         <path>C:\ti\ccsv7\tools\compiler\ti-cgt-arm_16.9.0.LTS\lib\</path>
         <kind>archive</kind>
         <file>rtsv7M4_T_le_v4SPD16_eabi.lib</file>
         <name>memset_t2.obj</name>
      </input_file>
      <input_file id="fl-c9">
         <path>C:\ti\ccsv7\tools\compiler\ti-cgt-arm_16.9.0.LTS\lib\</path>
         <kind>archive</kind>
         <file>rtsv7M4_T_le_v4SPD16_eabi.lib</file>
         <name>mpu_init.obj</name>
      </input_file>
      <input_file id="fl-ca">
         <path>C:\ti\ccsv7\tools\compiler\ti-cgt-arm_16.9.0.LTS\lib\</path>
         <kind>archive</kind>
         <file>rtsv7M4_T_le_v4SPD16_eabi.lib</file>
         <name>pre_init.obj</name>
      </input_file>
      <input_file id="fl-cb">
         <path>C:\ti\ccsv7\tools\compiler\ti-cgt-arm_16.9.0.LTS\lib\</path>
         <kind>archive</kind>
         <file>rtsv7M4_T_le_v4SPD16_eabi.lib</file>
         <name>stkdepth_vars.obj</name>
      </input_file>
      <input_file id="fl-cc">
         <path>C:\ti\ccsv7\tools\compiler\ti-cgt-arm_16.9.0.LTS\lib\</path>
         <kind>archive</kind>
         <file>rtsv7M4_T_le_v4SPD16_eabi.lib</file>
         <name>_lock.obj</name>
      </input_file>
      <input_file id="fl-cd">
         <path>C:\ti\ccsv7\tools\compiler\ti-cgt-arm_16.9.0.LTS\lib\</path>
         <kind>archive</kind>
         <file>rtsv7M4_T_le_v4SPD16_eabi.lib</file>
         <name>args_main.obj</name>
      </input_file>
      <input_file id="fl-ce">
         <path>C:\ti\ccsv7\tools\compiler\ti-cgt-arm_16.9.0.LTS\lib\</path>
         <kind>archive</kind>
         <file>rtsv7M4_T_le_v4SPD16_eabi.lib</file>
         <name>autoinit.obj</name>
      </input_file>
      <input_file id="fl-cf">
         <path>C:\ti\ccsv7\tools\compiler\ti-cgt-arm_16.9.0.LTS\lib\</path>
         <kind>archive</kind>
         <file>rtsv7M4_T_le_v4SPD16_eabi.lib</file>
         <name>cpy_tbl.obj</name>
      </input_file>
      <input_file id="fl-d0">
         <path>C:\ti\ccsv7\tools\compiler\ti-cgt-arm_16.9.0.LTS\lib\</path>
         <kind>archive</kind>
         <file>rtsv7M4_T_le_v4SPD16_eabi.lib</file>
         <name>startup.obj</name>
      </input_file>
      <input_file id="fl-d1">
         <path>C:\ti\msp\MSP432Ware_3_50_00_02\driverlib\driverlib\MSP432P4xx\ccs\</path>
         <kind>archive</kind>
         <file>msp432p4xx_driverlib.lib</file>
         <name>cs.o</name>
      </input_file>
      <input_file id="fl-d2">
         <path>C:\ti\msp\MSP432Ware_3_50_00_02\driverlib\driverlib\MSP432P4xx\ccs\</path>
         <kind>archive</kind>
         <file>msp432p4xx_driverlib.lib</file>
         <name>interrupt.o</name>
      </input_file>
      <input_file id="fl-d3">
         <path>C:\ti\msp\MSP432Ware_3_50_00_02\driverlib\driverlib\MSP432P4xx\ccs\</path>
         <kind>archive</kind>
         <file>msp432p4xx_driverlib.lib</file>
         <name>sysctl.o</name>
      </input_file>
      <input_file id="fl-d4">
         <path>C:\ti\msp\MSP432Ware_3_50_00_02\driverlib\driverlib\MSP432P4xx\ccs\</path>
         <kind>archive</kind>
         <file>msp432p4xx_driverlib.lib</file>
         <name>cpu.o</name>
      </input_file>
   </input_file_list>
   <object_component_list>
      <object_component id="oc-2c">
         <name>.intvecs:retain</name>
         <load_address>0x0</load_address>
         <run_address>0x0</run_address>
         <size>0xe4</size>
         <input_file_ref idref="fl-5"/>
      </object_component>
      <object_component id="oc-13d">
         <name>.text</name>
         <load_address>0xe1e4</load_address>
         <run_address>0xe1e4</run_address>
         <size>0x13c4</size>
         <input_file_ref idref="fl-2"/>
      </object_component>
      <object_component id="oc-de">
         <name>.text</name>
         <load_address>0xf5a8</load_address>
         <run_address>0xf5a8</run_address>
         <size>0x3b0</size>
         <input_file_ref idref="fl-3"/>
      </object_component>
      <object_component id="oc-bd">
         <name>.text</name>
         <load_address>0xf958</load_address>
         <run_address>0xf958</run_address>
         <size>0x32c</size>
         <input_file_ref idref="fl-7"/>
      </object_component>
      <object_component id="oc-81">
         <name>.text</name>
         <load_address>0xfc84</load_address>
         <run_address>0xfc84</run_address>
         <size>0x184</size>
         <input_file_ref idref="fl-4"/>
      </object_component>
      <object_component id="oc-7b">
         <name>.text</name>
         <load_address>0xfe08</load_address>
         <run_address>0xfe08</run_address>
         <size>0xdc</size>
         <input_file_ref idref="fl-6"/>
      </object_component>
      <object_component id="oc-11c">
         <name>.text:CS_startHFXTWithTimeout</name>
         <load_address>0xfee4</load_address>
         <run_address>0xfee4</run_address>
         <size>0x9c</size>
         <input_file_ref idref="fl-d1"/>
      </object_component>
      <object_component id="oc-3b">
         <name>.text</name>
         <load_address>0xff80</load_address>
         <run_address>0xff80</run_address>
         <size>0x9c</size>
         <input_file_ref idref="fl-c7"/>
      </object_component>
      <object_component id="oc-47">
         <name>.text</name>
         <load_address>0x1001c</load_address>
         <run_address>0x1001c</run_address>
         <size>0x7a</size>
         <input_file_ref idref="fl-c8"/>
      </object_component>
      <object_component id="oc-53">
         <name>.text</name>
         <load_address>0x10096</load_address>
         <run_address>0x10096</run_address>
         <size>0x2</size>
         <input_file_ref idref="fl-c9"/>
      </object_component>
      <object_component id="oc-18b">
         <name>.text:_CSGetHFXTFrequency</name>
         <load_address>0x10098</load_address>
         <run_address>0x10098</run_address>
         <size>0x70</size>
         <input_file_ref idref="fl-d1"/>
      </object_component>
      <object_component id="oc-5f">
         <name>.text</name>
         <load_address>0x10108</load_address>
         <run_address>0x10108</run_address>
         <size>0x70</size>
         <input_file_ref idref="fl-ce"/>
      </object_component>
      <object_component id="oc-14">
         <name>.text:decompress:lzss</name>
         <load_address>0x10178</load_address>
         <run_address>0x10178</run_address>
         <size>0x68</size>
         <input_file_ref idref="fl-c3"/>
      </object_component>
      <object_component id="oc-26">
         <name>.text</name>
         <load_address>0x101e0</load_address>
         <run_address>0x101e0</run_address>
         <size>0x54</size>
         <input_file_ref idref="fl-c2"/>
      </object_component>
      <object_component id="oc-6b">
         <name>.text</name>
         <load_address>0x10234</load_address>
         <run_address>0x10234</run_address>
         <size>0x54</size>
         <input_file_ref idref="fl-c6"/>
      </object_component>
      <object_component id="oc-a2">
         <name>.text</name>
         <load_address>0x10288</load_address>
         <run_address>0x10288</run_address>
         <size>0x4c</size>
         <input_file_ref idref="fl-cf"/>
      </object_component>
      <object_component id="oc-65">
         <name>.text</name>
         <load_address>0x102d4</load_address>
         <run_address>0x102d4</run_address>
         <size>0x18</size>
         <input_file_ref idref="fl-cd"/>
      </object_component>
      <object_component id="oc-c4">
         <name>.text:CS_setExternalClockSourceFrequency</name>
         <load_address>0x102ec</load_address>
         <run_address>0x102ec</run_address>
         <size>0x14</size>
         <input_file_ref idref="fl-d1"/>
      </object_component>
      <object_component id="oc-107">
         <name>.text</name>
         <load_address>0x10300</load_address>
         <run_address>0x10300</run_address>
         <size>0x14</size>
         <input_file_ref idref="fl-cc"/>
      </object_component>
      <object_component id="oc-185">
         <name>.text:SysCtl_disableNMISource</name>
         <load_address>0x10314</load_address>
         <run_address>0x10314</run_address>
         <size>0x10</size>
         <input_file_ref idref="fl-d3"/>
      </object_component>
      <object_component id="oc-191">
         <name>.text:SysCtl_enableNMISource</name>
         <load_address>0x10324</load_address>
         <run_address>0x10324</run_address>
         <size>0x10</size>
         <input_file_ref idref="fl-d3"/>
      </object_component>
      <object_component id="oc-1a">
         <name>.text:decompress:none</name>
         <load_address>0x10334</load_address>
         <run_address>0x10334</run_address>
         <size>0xe</size>
         <input_file_ref idref="fl-c4"/>
      </object_component>
      <object_component id="oc-75">
         <name>.text</name>
         <load_address>0x10342</load_address>
         <run_address>0x10342</run_address>
         <size>0xe</size>
         <input_file_ref idref="fl-5"/>
      </object_component>
      <object_component id="oc-17f">
         <name>.text:SysCtl_getNMISourceStatus</name>
         <load_address>0x10350</load_address>
         <run_address>0x10350</run_address>
         <size>0xc</size>
         <input_file_ref idref="fl-d3"/>
      </object_component>
      <object_component id="oc-20">
         <name>.text:decompress:ZI</name>
         <load_address>0x1035c</load_address>
         <run_address>0x1035c</run_address>
         <size>0xc</size>
         <input_file_ref idref="fl-c5"/>
      </object_component>
      <object_component id="oc-ca">
         <name>.text:CS_startHFXT</name>
         <load_address>0x10368</load_address>
         <run_address>0x10368</run_address>
         <size>0x6</size>
         <input_file_ref idref="fl-d1"/>
      </object_component>
      <object_component id="oc-59">
         <name>.text</name>
         <load_address>0x1036e</load_address>
         <run_address>0x1036e</run_address>
         <size>0x4</size>
         <input_file_ref idref="fl-ca"/>
      </object_component>
      <object_component id="oc-a8">
         <name>.text</name>
         <load_address>0x10372</load_address>
         <run_address>0x10372</run_address>
         <size>0x2</size>
         <input_file_ref idref="fl-d0"/>
      </object_component>
      <object_component id="oc-143">
         <name>.const:bgnd</name>
         <load_address>0xe4</load_address>
         <run_address>0xe4</run_address>
         <size>0x9600</size>
         <input_file_ref idref="fl-3"/>
      </object_component>
      <object_component id="oc-15e">
         <name>.const:lose</name>
         <load_address>0x96e4</load_address>
         <run_address>0x96e4</run_address>
         <size>0x834</size>
         <input_file_ref idref="fl-3"/>
      </object_component>
      <object_component id="oc-146">
         <name>.const:start</name>
         <load_address>0x9f18</load_address>
         <run_address>0x9f18</run_address>
         <size>0x834</size>
         <input_file_ref idref="fl-3"/>
      </object_component>
      <object_component id="oc-15b">
         <name>.const:win</name>
         <load_address>0xa74c</load_address>
         <run_address>0xa74c</run_address>
         <size>0x834</size>
         <input_file_ref idref="fl-3"/>
      </object_component>
      <object_component id="oc-1af">
         <name>.const:.string:Font</name>
         <load_address>0xaf80</load_address>
         <run_address>0xaf80</run_address>
         <size>0x4fb</size>
         <input_file_ref idref="fl-2"/>
      </object_component>
      <object_component id="oc-1c4">
         <name>.const:bar</name>
         <load_address>0xb47c</load_address>
         <run_address>0xb47c</run_address>
         <size>0x4b0</size>
         <input_file_ref idref="fl-3"/>
      </object_component>
      <object_component id="oc-1c7">
         <name>.const:bell</name>
         <load_address>0xb92c</load_address>
         <run_address>0xb92c</run_address>
         <size>0x4b0</size>
         <input_file_ref idref="fl-3"/>
      </object_component>
      <object_component id="oc-1ca">
         <name>.const:brinjal</name>
         <load_address>0xbddc</load_address>
         <run_address>0xbddc</run_address>
         <size>0x4b0</size>
         <input_file_ref idref="fl-3"/>
      </object_component>
      <object_component id="oc-1d9">
         <name>.const:cheery</name>
         <load_address>0xc28c</load_address>
         <run_address>0xc28c</run_address>
         <size>0x4b0</size>
         <input_file_ref idref="fl-3"/>
      </object_component>
      <object_component id="oc-1dc">
         <name>.const:grapes</name>
         <load_address>0xc73c</load_address>
         <run_address>0xc73c</run_address>
         <size>0x4b0</size>
         <input_file_ref idref="fl-3"/>
      </object_component>
      <object_component id="oc-1d6">
         <name>.const:orange</name>
         <load_address>0xcbec</load_address>
         <run_address>0xcbec</run_address>
         <size>0x4b0</size>
         <input_file_ref idref="fl-3"/>
      </object_component>
      <object_component id="oc-1cd">
         <name>.const:pear</name>
         <load_address>0xd09c</load_address>
         <run_address>0xd09c</run_address>
         <size>0x4b0</size>
         <input_file_ref idref="fl-3"/>
      </object_component>
      <object_component id="oc-1d0">
         <name>.const:seven</name>
         <load_address>0xd54c</load_address>
         <run_address>0xd54c</run_address>
         <size>0x4b0</size>
         <input_file_ref idref="fl-3"/>
      </object_component>
      <object_component id="oc-1d3">
         <name>.const:watermelon</name>
         <load_address>0xd9fc</load_address>
         <run_address>0xd9fc</run_address>
         <size>0x4b0</size>
         <input_file_ref idref="fl-3"/>
      </object_component>
      <object_component id="oc-1b8">
         <name>.const:.string:dBfs</name>
         <load_address>0xdeac</load_address>
         <run_address>0xdeac</run_address>
         <size>0x200</size>
         <input_file_ref idref="fl-2"/>
      </object_component>
      <object_component id="oc-19d">
         <name>.const:.string:Bcmd</name>
         <load_address>0xe0ac</load_address>
         <run_address>0xe0ac</run_address>
         <size>0x67</size>
         <input_file_ref idref="fl-2"/>
      </object_component>
      <object_component id="oc-1a3">
         <name>.const:.string:Rcmd1</name>
         <load_address>0xe113</load_address>
         <run_address>0xe113</run_address>
         <size>0x3b</size>
         <input_file_ref idref="fl-2"/>
      </object_component>
      <object_component id="oc-1ac">
         <name>.const:.string:Rcmd3</name>
         <load_address>0xe14e</load_address>
         <run_address>0xe14e</run_address>
         <size>0x2b</size>
         <input_file_ref idref="fl-2"/>
      </object_component>
      <object_component id="oc-14f">
         <name>.const:slotOne</name>
         <load_address>0xe17a</load_address>
         <run_address>0xe17a</run_address>
         <size>0x12</size>
         <input_file_ref idref="fl-3"/>
      </object_component>
      <object_component id="oc-155">
         <name>.const:slotThree</name>
         <load_address>0xe18c</load_address>
         <run_address>0xe18c</run_address>
         <size>0x12</size>
         <input_file_ref idref="fl-3"/>
      </object_component>
      <object_component id="oc-152">
         <name>.const:slotTwo</name>
         <load_address>0xe19e</load_address>
         <run_address>0xe19e</run_address>
         <size>0x12</size>
         <input_file_ref idref="fl-3"/>
      </object_component>
      <object_component id="oc-1a6">
         <name>.const:.string:Rcmd2green</name>
         <load_address>0xe1b0</load_address>
         <run_address>0xe1b0</run_address>
         <size>0xd</size>
         <input_file_ref idref="fl-2"/>
      </object_component>
      <object_component id="oc-1a9">
         <name>.const:.string:Rcmd2red</name>
         <load_address>0xe1bd</load_address>
         <run_address>0xe1bd</run_address>
         <size>0xd</size>
         <input_file_ref idref="fl-2"/>
      </object_component>
      <object_component id="oc-149">
         <name>.const:slotXValues</name>
         <load_address>0xe1cc</load_address>
         <run_address>0xe1cc</run_address>
         <size>0xc</size>
         <input_file_ref idref="fl-3"/>
      </object_component>
      <object_component id="oc-14c">
         <name>.const:slotYValues</name>
         <load_address>0xe1d8</load_address>
         <run_address>0xe1d8</run_address>
         <size>0xc</size>
         <input_file_ref idref="fl-3"/>
      </object_component>
      <object_component id="oc-23f">
         <name>.cinit..data.load</name>
         <load_address>0x10378</load_address>
         <run_address>0x10378</run_address>
         <size>0x24</size>
      </object_component>
      <object_component id="oc-23d">
         <name>__TI_handler_table</name>
         <load_address>0x1039c</load_address>
         <run_address>0x1039c</run_address>
         <size>0xc</size>
      </object_component>
      <object_component id="oc-240">
         <name>.cinit..bss.load</name>
         <load_address>0x103a8</load_address>
         <run_address>0x103a8</run_address>
         <size>0x8</size>
      </object_component>
      <object_component id="oc-23e">
         <name>__TI_cinit_table</name>
         <load_address>0x103b0</load_address>
         <run_address>0x103b0</run_address>
         <size>0x10</size>
      </object_component>
      <object_component id="oc-21a">
         <name>.binit</name>
         <load_address>0x0</load_address>
         <run_address>0x0</run_address>
         <size>0x0</size>
      </object_component>
      <object_component id="oc-1a0">
         <name>.data</name>
         <load_address>0x20000000</load_address>
         <run_address>0x20000000</run_address>
         <size>0x14</size>
         <input_file_ref idref="fl-2"/>
      </object_component>
      <object_component id="oc-158">
         <name>.data</name>
         <load_address>0x20000014</load_address>
         <run_address>0x20000014</run_address>
         <size>0x10</size>
         <input_file_ref idref="fl-3"/>
      </object_component>
      <object_component id="oc-113">
         <name>.data</name>
         <load_address>0x2000003c</load_address>
         <run_address>0x2000003c</run_address>
         <size>0x4</size>
         <input_file_ref idref="fl-7"/>
      </object_component>
      <object_component id="oc-b2">
         <name>.data:$O1$$</name>
         <load_address>0x20000024</load_address>
         <run_address>0x20000024</run_address>
         <size>0xc</size>
         <input_file_ref idref="fl-c6"/>
      </object_component>
      <object_component id="oc-71">
         <name>.data</name>
         <load_address>0x20000038</load_address>
         <run_address>0x20000038</run_address>
         <size>0x4</size>
         <input_file_ref idref="fl-cb"/>
      </object_component>
      <object_component id="oc-b5">
         <name>.data:$O1$$</name>
         <load_address>0x20000030</load_address>
         <run_address>0x20000030</run_address>
         <size>0x8</size>
         <input_file_ref idref="fl-cc"/>
      </object_component>
      <object_component id="oc-19a">
         <name>.bss</name>
         <uninitialized>true</uninitialized>
         <run_address>0x2000004c</run_address>
         <size>0x4</size>
         <input_file_ref idref="fl-2"/>
      </object_component>
      <object_component id="oc-1b2">
         <name>.common:Message</name>
         <uninitialized>true</uninitialized>
         <run_address>0x20000040</run_address>
         <size>0xc</size>
      </object_component>
      <object_component id="oc-1b3">
         <name>.common:Messageindex</name>
         <uninitialized>true</uninitialized>
         <run_address>0x20000050</run_address>
         <size>0x4</size>
      </object_component>
      <object_component id="oc-1b4">
         <name>.common:Ymax</name>
         <uninitialized>true</uninitialized>
         <run_address>0x20000058</run_address>
         <size>0x4</size>
      </object_component>
      <object_component id="oc-1b5">
         <name>.common:Ymin</name>
         <uninitialized>true</uninitialized>
         <run_address>0x2000005c</run_address>
         <size>0x4</size>
      </object_component>
      <object_component id="oc-1b7">
         <name>.common:X</name>
         <uninitialized>true</uninitialized>
         <run_address>0x20000054</run_address>
         <size>0x4</size>
      </object_component>
      <object_component id="oc-1b6">
         <name>.common:Yrange</name>
         <uninitialized>true</uninitialized>
         <run_address>0x20000060</run_address>
         <size>0x4</size>
      </object_component>
      <object_component id="oc-e4">
         <name>.common:CurrentState</name>
         <uninitialized>true</uninitialized>
         <run_address>0x20000070</run_address>
         <size>0x1</size>
      </object_component>
      <object_component id="oc-d7">
         <name>.common:intervalCnt</name>
         <uninitialized>true</uninitialized>
         <run_address>0x20000068</run_address>
         <size>0x4</size>
      </object_component>
      <object_component id="oc-d0">
         <name>.common:ms_timeout</name>
         <uninitialized>true</uninitialized>
         <run_address>0x20000071</run_address>
         <size>0x1</size>
      </object_component>
      <object_component id="oc-11a">
         <name>.common:hfxtFreq</name>
         <uninitialized>true</uninitialized>
         <run_address>0x20000064</run_address>
         <size>0x4</size>
      </object_component>
      <object_component id="oc-117">
         <name>.common:lfxtFreq</name>
         <uninitialized>true</uninitialized>
         <run_address>0x2000006c</run_address>
         <size>0x4</size>
      </object_component>
      <object_component id="oc-2f">
         <name>.stack</name>
         <uninitialized>true</uninitialized>
         <run_address>0x2000fe00</run_address>
         <size>0x0</size>
         <input_file_ref idref="fl-c2"/>
      </object_component>
      <object_component id="oc-241">
         <name>.stack</name>
         <uninitialized>true</uninitialized>
         <run_address>0x2000fe00</run_address>
         <size>0x0</size>
      </object_component>
      <object_component id="oc-198">
         <name>.debug_info</name>
         <load_address>0x0</load_address>
         <run_address>0x0</run_address>
         <size>0x4b6</size>
         <input_file_ref idref="fl-2"/>
      </object_component>
      <object_component id="oc-1a1">
         <name>.debug_info</name>
         <load_address>0x4b6</load_address>
         <run_address>0x4b6</run_address>
         <size>0x159</size>
         <input_file_ref idref="fl-2"/>
      </object_component>
      <object_component id="oc-1b0">
         <name>.debug_info</name>
         <load_address>0x60f</load_address>
         <run_address>0x60f</run_address>
         <size>0xc4</size>
         <input_file_ref idref="fl-2"/>
      </object_component>
      <object_component id="oc-19b">
         <name>.debug_info</name>
         <load_address>0x6d3</load_address>
         <run_address>0x6d3</run_address>
         <size>0x130</size>
         <input_file_ref idref="fl-2"/>
      </object_component>
      <object_component id="oc-19e">
         <name>.debug_info</name>
         <load_address>0x803</load_address>
         <run_address>0x803</run_address>
         <size>0xc5</size>
         <input_file_ref idref="fl-2"/>
      </object_component>
      <object_component id="oc-1a4">
         <name>.debug_info</name>
         <load_address>0x8c8</load_address>
         <run_address>0x8c8</run_address>
         <size>0xc7</size>
         <input_file_ref idref="fl-2"/>
      </object_component>
      <object_component id="oc-1a7">
         <name>.debug_info</name>
         <load_address>0x98f</load_address>
         <run_address>0x98f</run_address>
         <size>0xd1</size>
         <input_file_ref idref="fl-2"/>
      </object_component>
      <object_component id="oc-1aa">
         <name>.debug_info</name>
         <load_address>0xa60</load_address>
         <run_address>0xa60</run_address>
         <size>0xcd</size>
         <input_file_ref idref="fl-2"/>
      </object_component>
      <object_component id="oc-1ad">
         <name>.debug_info</name>
         <load_address>0xb2d</load_address>
         <run_address>0xb2d</run_address>
         <size>0xc7</size>
         <input_file_ref idref="fl-2"/>
      </object_component>
      <object_component id="oc-1b9">
         <name>.debug_info</name>
         <load_address>0xbf4</load_address>
         <run_address>0xbf4</run_address>
         <size>0xc6</size>
         <input_file_ref idref="fl-2"/>
      </object_component>
      <object_component id="oc-13e">
         <name>.debug_info</name>
         <load_address>0xcba</load_address>
         <run_address>0xcba</run_address>
         <size>0x2020</size>
         <input_file_ref idref="fl-2"/>
      </object_component>
      <object_component id="oc-125">
         <name>.debug_info</name>
         <load_address>0x2cda</load_address>
         <run_address>0x2cda</run_address>
         <size>0x37a3</size>
         <input_file_ref idref="fl-2"/>
      </object_component>
      <object_component id="oc-12a">
         <name>.debug_info</name>
         <load_address>0x647d</load_address>
         <run_address>0x647d</run_address>
         <size>0x103e</size>
         <input_file_ref idref="fl-2"/>
      </object_component>
      <object_component id="oc-36">
         <name>.debug_info</name>
         <load_address>0x74bb</load_address>
         <run_address>0x74bb</run_address>
         <size>0x84</size>
         <input_file_ref idref="fl-2"/>
      </object_component>
      <object_component id="oc-e6">
         <name>.debug_info</name>
         <load_address>0x753f</load_address>
         <run_address>0x753f</run_address>
         <size>0x18b</size>
         <input_file_ref idref="fl-2"/>
      </object_component>
      <object_component id="oc-12f">
         <name>.debug_info</name>
         <load_address>0x76ca</load_address>
         <run_address>0x76ca</run_address>
         <size>0x51</size>
         <input_file_ref idref="fl-2"/>
      </object_component>
      <object_component id="oc-d1">
         <name>.debug_info</name>
         <load_address>0x771b</load_address>
         <run_address>0x771b</run_address>
         <size>0x574</size>
         <input_file_ref idref="fl-3"/>
      </object_component>
      <object_component id="oc-159">
         <name>.debug_info</name>
         <load_address>0x7c8f</load_address>
         <run_address>0x7c8f</run_address>
         <size>0x142</size>
         <input_file_ref idref="fl-3"/>
      </object_component>
      <object_component id="oc-14a">
         <name>.debug_info</name>
         <load_address>0x7dd1</load_address>
         <run_address>0x7dd1</run_address>
         <size>0xd1</size>
         <input_file_ref idref="fl-3"/>
      </object_component>
      <object_component id="oc-14d">
         <name>.debug_info</name>
         <load_address>0x7ea2</load_address>
         <run_address>0x7ea2</run_address>
         <size>0xd1</size>
         <input_file_ref idref="fl-3"/>
      </object_component>
      <object_component id="oc-144">
         <name>.debug_info</name>
         <load_address>0x7f73</load_address>
         <run_address>0x7f73</run_address>
         <size>0xc3</size>
         <input_file_ref idref="fl-3"/>
      </object_component>
      <object_component id="oc-1c5">
         <name>.debug_info</name>
         <load_address>0x8036</load_address>
         <run_address>0x8036</run_address>
         <size>0xc2</size>
         <input_file_ref idref="fl-3"/>
      </object_component>
      <object_component id="oc-1c8">
         <name>.debug_info</name>
         <load_address>0x80f8</load_address>
         <run_address>0x80f8</run_address>
         <size>0xc4</size>
         <input_file_ref idref="fl-3"/>
      </object_component>
      <object_component id="oc-1cb">
         <name>.debug_info</name>
         <load_address>0x81bc</load_address>
         <run_address>0x81bc</run_address>
         <size>0xca</size>
         <input_file_ref idref="fl-3"/>
      </object_component>
      <object_component id="oc-1da">
         <name>.debug_info</name>
         <load_address>0x8286</load_address>
         <run_address>0x8286</run_address>
         <size>0xc8</size>
         <input_file_ref idref="fl-3"/>
      </object_component>
      <object_component id="oc-1dd">
         <name>.debug_info</name>
         <load_address>0x834e</load_address>
         <run_address>0x834e</run_address>
         <size>0xc8</size>
         <input_file_ref idref="fl-3"/>
      </object_component>
      <object_component id="oc-1d7">
         <name>.debug_info</name>
         <load_address>0x8416</load_address>
         <run_address>0x8416</run_address>
         <size>0xc8</size>
         <input_file_ref idref="fl-3"/>
      </object_component>
      <object_component id="oc-1ce">
         <name>.debug_info</name>
         <load_address>0x84de</load_address>
         <run_address>0x84de</run_address>
         <size>0xc4</size>
         <input_file_ref idref="fl-3"/>
      </object_component>
      <object_component id="oc-1d1">
         <name>.debug_info</name>
         <load_address>0x85a2</load_address>
         <run_address>0x85a2</run_address>
         <size>0xc6</size>
         <input_file_ref idref="fl-3"/>
      </object_component>
      <object_component id="oc-1d4">
         <name>.debug_info</name>
         <load_address>0x8668</load_address>
         <run_address>0x8668</run_address>
         <size>0xd0</size>
         <input_file_ref idref="fl-3"/>
      </object_component>
      <object_component id="oc-15f">
         <name>.debug_info</name>
         <load_address>0x8738</load_address>
         <run_address>0x8738</run_address>
         <size>0xc4</size>
         <input_file_ref idref="fl-3"/>
      </object_component>
      <object_component id="oc-15c">
         <name>.debug_info</name>
         <load_address>0x87fc</load_address>
         <run_address>0x87fc</run_address>
         <size>0xc2</size>
         <input_file_ref idref="fl-3"/>
      </object_component>
      <object_component id="oc-147">
         <name>.debug_info</name>
         <load_address>0x88be</load_address>
         <run_address>0x88be</run_address>
         <size>0xc6</size>
         <input_file_ref idref="fl-3"/>
      </object_component>
      <object_component id="oc-150">
         <name>.debug_info</name>
         <load_address>0x8984</load_address>
         <run_address>0x8984</run_address>
         <size>0xc9</size>
         <input_file_ref idref="fl-3"/>
      </object_component>
      <object_component id="oc-153">
         <name>.debug_info</name>
         <load_address>0x8a4d</load_address>
         <run_address>0x8a4d</run_address>
         <size>0xc9</size>
         <input_file_ref idref="fl-3"/>
      </object_component>
      <object_component id="oc-156">
         <name>.debug_info</name>
         <load_address>0x8b16</load_address>
         <run_address>0x8b16</run_address>
         <size>0xcd</size>
         <input_file_ref idref="fl-3"/>
      </object_component>
      <object_component id="oc-df">
         <name>.debug_info</name>
         <load_address>0x8be3</load_address>
         <run_address>0x8be3</run_address>
         <size>0x731</size>
         <input_file_ref idref="fl-3"/>
      </object_component>
      <object_component id="oc-134">
         <name>.debug_info</name>
         <load_address>0x9314</load_address>
         <run_address>0x9314</run_address>
         <size>0x63</size>
         <input_file_ref idref="fl-3"/>
      </object_component>
      <object_component id="oc-d3">
         <name>.debug_info</name>
         <load_address>0x9377</load_address>
         <run_address>0x9377</run_address>
         <size>0x4a4</size>
         <input_file_ref idref="fl-4"/>
      </object_component>
      <object_component id="oc-82">
         <name>.debug_info</name>
         <load_address>0x981b</load_address>
         <run_address>0x981b</run_address>
         <size>0x26a</size>
         <input_file_ref idref="fl-4"/>
      </object_component>
      <object_component id="oc-175">
         <name>.debug_info</name>
         <load_address>0x9a85</load_address>
         <run_address>0x9a85</run_address>
         <size>0x1b5</size>
         <input_file_ref idref="fl-4"/>
      </object_component>
      <object_component id="oc-d9">
         <name>.debug_info</name>
         <load_address>0x9c3a</load_address>
         <run_address>0x9c3a</run_address>
         <size>0x8b</size>
         <input_file_ref idref="fl-4"/>
      </object_component>
      <object_component id="oc-89">
         <name>.debug_info</name>
         <load_address>0x9cc5</load_address>
         <run_address>0x9cc5</run_address>
         <size>0x116</size>
         <input_file_ref idref="fl-5"/>
      </object_component>
      <object_component id="oc-2d">
         <name>.debug_info</name>
         <load_address>0x9ddb</load_address>
         <run_address>0x9ddb</run_address>
         <size>0xee</size>
         <input_file_ref idref="fl-5"/>
      </object_component>
      <object_component id="oc-77">
         <name>.debug_info</name>
         <load_address>0x9ec9</load_address>
         <run_address>0x9ec9</run_address>
         <size>0x1b5</size>
         <input_file_ref idref="fl-5"/>
      </object_component>
      <object_component id="oc-d5">
         <name>.debug_info</name>
         <load_address>0xa07e</load_address>
         <run_address>0xa07e</run_address>
         <size>0x4a6</size>
         <input_file_ref idref="fl-6"/>
      </object_component>
      <object_component id="oc-7f">
         <name>.debug_info</name>
         <load_address>0xa524</load_address>
         <run_address>0xa524</run_address>
         <size>0x297</size>
         <input_file_ref idref="fl-6"/>
      </object_component>
      <object_component id="oc-114">
         <name>.debug_info</name>
         <load_address>0xa7bb</load_address>
         <run_address>0xa7bb</run_address>
         <size>0xe7</size>
         <input_file_ref idref="fl-7"/>
      </object_component>
      <object_component id="oc-be">
         <name>.debug_info</name>
         <load_address>0xa8a2</load_address>
         <run_address>0xa8a2</run_address>
         <size>0x259</size>
         <input_file_ref idref="fl-7"/>
      </object_component>
      <object_component id="oc-28">
         <name>.debug_info</name>
         <load_address>0xaafb</load_address>
         <run_address>0xaafb</run_address>
         <size>0x160</size>
         <input_file_ref idref="fl-c2"/>
      </object_component>
      <object_component id="oc-8f">
         <name>.debug_info</name>
         <load_address>0xac5b</load_address>
         <run_address>0xac5b</run_address>
         <size>0xf9</size>
         <input_file_ref idref="fl-c3"/>
      </object_component>
      <object_component id="oc-17">
         <name>.debug_info</name>
         <load_address>0xad54</load_address>
         <run_address>0xad54</run_address>
         <size>0x245</size>
         <input_file_ref idref="fl-c3"/>
      </object_component>
      <object_component id="oc-31">
         <name>.debug_info</name>
         <load_address>0xaf99</load_address>
         <run_address>0xaf99</run_address>
         <size>0x60</size>
         <input_file_ref idref="fl-c3"/>
      </object_component>
      <object_component id="oc-8a">
         <name>.debug_info</name>
         <load_address>0xaff9</load_address>
         <run_address>0xaff9</run_address>
         <size>0x46</size>
         <input_file_ref idref="fl-c3"/>
      </object_component>
      <object_component id="oc-46">
         <name>.debug_info</name>
         <load_address>0xb03f</load_address>
         <run_address>0xb03f</run_address>
         <size>0x140</size>
         <input_file_ref idref="fl-c4"/>
      </object_component>
      <object_component id="oc-1e">
         <name>.debug_info</name>
         <load_address>0xb17f</load_address>
         <run_address>0xb17f</run_address>
         <size>0x1df</size>
         <input_file_ref idref="fl-c4"/>
      </object_component>
      <object_component id="oc-41">
         <name>.debug_info</name>
         <load_address>0xb35e</load_address>
         <run_address>0xb35e</run_address>
         <size>0x46</size>
         <input_file_ref idref="fl-c4"/>
      </object_component>
      <object_component id="oc-91">
         <name>.debug_info</name>
         <load_address>0xb3a4</load_address>
         <run_address>0xb3a4</run_address>
         <size>0x2c</size>
         <input_file_ref idref="fl-c4"/>
      </object_component>
      <object_component id="oc-52">
         <name>.debug_info</name>
         <load_address>0xb3d0</load_address>
         <run_address>0xb3d0</run_address>
         <size>0x12f</size>
         <input_file_ref idref="fl-c5"/>
      </object_component>
      <object_component id="oc-21">
         <name>.debug_info</name>
         <load_address>0xb4ff</load_address>
         <run_address>0xb4ff</run_address>
         <size>0x1aa</size>
         <input_file_ref idref="fl-c5"/>
      </object_component>
      <object_component id="oc-4d">
         <name>.debug_info</name>
         <load_address>0xb6a9</load_address>
         <run_address>0xb6a9</run_address>
         <size>0x46</size>
         <input_file_ref idref="fl-c5"/>
      </object_component>
      <object_component id="oc-99">
         <name>.debug_info</name>
         <load_address>0xb6ef</load_address>
         <run_address>0xb6ef</run_address>
         <size>0x2c</size>
         <input_file_ref idref="fl-c5"/>
      </object_component>
      <object_component id="oc-b9">
         <name>.debug_info</name>
         <load_address>0xb71b</load_address>
         <run_address>0xb71b</run_address>
         <size>0x234</size>
         <input_file_ref idref="fl-c6"/>
      </object_component>
      <object_component id="oc-b3">
         <name>.debug_info</name>
         <load_address>0xb94f</load_address>
         <run_address>0xb94f</run_address>
         <size>0x185</size>
         <input_file_ref idref="fl-c6"/>
      </object_component>
      <object_component id="oc-6c">
         <name>.debug_info</name>
         <load_address>0xbad4</load_address>
         <run_address>0xbad4</run_address>
         <size>0x214</size>
         <input_file_ref idref="fl-c6"/>
      </object_component>
      <object_component id="oc-3d">
         <name>.debug_info</name>
         <load_address>0xbce8</load_address>
         <run_address>0xbce8</run_address>
         <size>0x111</size>
         <input_file_ref idref="fl-c7"/>
      </object_component>
      <object_component id="oc-49">
         <name>.debug_info</name>
         <load_address>0xbdf9</load_address>
         <run_address>0xbdf9</run_address>
         <size>0x13f</size>
         <input_file_ref idref="fl-c8"/>
      </object_component>
      <object_component id="oc-56">
         <name>.debug_info</name>
         <load_address>0xbf38</load_address>
         <run_address>0xbf38</run_address>
         <size>0x138</size>
         <input_file_ref idref="fl-c9"/>
      </object_component>
      <object_component id="oc-5b">
         <name>.debug_info</name>
         <load_address>0xc070</load_address>
         <run_address>0xc070</run_address>
         <size>0x148</size>
         <input_file_ref idref="fl-ca"/>
      </object_component>
      <object_component id="oc-72">
         <name>.debug_info</name>
         <load_address>0xc1b8</load_address>
         <run_address>0xc1b8</run_address>
         <size>0x109</size>
         <input_file_ref idref="fl-cb"/>
      </object_component>
      <object_component id="oc-10f">
         <name>.debug_info</name>
         <load_address>0xc2c1</load_address>
         <run_address>0xc2c1</run_address>
         <size>0x124</size>
         <input_file_ref idref="fl-cc"/>
      </object_component>
      <object_component id="oc-b6">
         <name>.debug_info</name>
         <load_address>0xc3e5</load_address>
         <run_address>0xc3e5</run_address>
         <size>0x113</size>
         <input_file_ref idref="fl-cc"/>
      </object_component>
      <object_component id="oc-108">
         <name>.debug_info</name>
         <load_address>0xc4f8</load_address>
         <run_address>0xc4f8</run_address>
         <size>0x21f</size>
         <input_file_ref idref="fl-cc"/>
      </object_component>
      <object_component id="oc-b1">
         <name>.debug_info</name>
         <load_address>0xc717</load_address>
         <run_address>0xc717</run_address>
         <size>0x166</size>
         <input_file_ref idref="fl-cd"/>
      </object_component>
      <object_component id="oc-66">
         <name>.debug_info</name>
         <load_address>0xc87d</load_address>
         <run_address>0xc87d</run_address>
         <size>0x167</size>
         <input_file_ref idref="fl-cd"/>
      </object_component>
      <object_component id="oc-100">
         <name>.debug_info</name>
         <load_address>0xc9e4</load_address>
         <run_address>0xc9e4</run_address>
         <size>0x5e</size>
         <input_file_ref idref="fl-cd"/>
      </object_component>
      <object_component id="oc-af">
         <name>.debug_info</name>
         <load_address>0xca42</load_address>
         <run_address>0xca42</run_address>
         <size>0x2e9</size>
         <input_file_ref idref="fl-ce"/>
      </object_component>
      <object_component id="oc-61">
         <name>.debug_info</name>
         <load_address>0xcd2b</load_address>
         <run_address>0xcd2b</run_address>
         <size>0x190</size>
         <input_file_ref idref="fl-ce"/>
      </object_component>
      <object_component id="oc-f4">
         <name>.debug_info</name>
         <load_address>0xcebb</load_address>
         <run_address>0xcebb</run_address>
         <size>0x39</size>
         <input_file_ref idref="fl-ce"/>
      </object_component>
      <object_component id="oc-169">
         <name>.debug_info</name>
         <load_address>0xcef4</load_address>
         <run_address>0xcef4</run_address>
         <size>0x39</size>
         <input_file_ref idref="fl-ce"/>
      </object_component>
      <object_component id="oc-f9">
         <name>.debug_info</name>
         <load_address>0xcf2d</load_address>
         <run_address>0xcf2d</run_address>
         <size>0xcd</size>
         <input_file_ref idref="fl-ce"/>
      </object_component>
      <object_component id="oc-f0">
         <name>.debug_info</name>
         <load_address>0xcffa</load_address>
         <run_address>0xcffa</run_address>
         <size>0x1e0</size>
         <input_file_ref idref="fl-cf"/>
      </object_component>
      <object_component id="oc-a3">
         <name>.debug_info</name>
         <load_address>0xd1da</load_address>
         <run_address>0xd1da</run_address>
         <size>0x183</size>
         <input_file_ref idref="fl-cf"/>
      </object_component>
      <object_component id="oc-164">
         <name>.debug_info</name>
         <load_address>0xd35d</load_address>
         <run_address>0xd35d</run_address>
         <size>0x2c</size>
         <input_file_ref idref="fl-cf"/>
      </object_component>
      <object_component id="oc-a9">
         <name>.debug_info</name>
         <load_address>0xd389</load_address>
         <run_address>0xd389</run_address>
         <size>0x145</size>
         <input_file_ref idref="fl-d0"/>
      </object_component>
      <object_component id="oc-118">
         <name>.debug_info</name>
         <load_address>0xd4ce</load_address>
         <run_address>0xd4ce</run_address>
         <size>0x5ef</size>
         <input_file_ref idref="fl-d1"/>
      </object_component>
      <object_component id="oc-18e">
         <name>.debug_info</name>
         <load_address>0xdabd</load_address>
         <run_address>0xdabd</run_address>
         <size>0xfc</size>
         <input_file_ref idref="fl-d1"/>
      </object_component>
      <object_component id="oc-11f">
         <name>.debug_info</name>
         <load_address>0xdbb9</load_address>
         <run_address>0xdbb9</run_address>
         <size>0x23c</size>
         <input_file_ref idref="fl-d1"/>
      </object_component>
      <object_component id="oc-cd">
         <name>.debug_info</name>
         <load_address>0xddf5</load_address>
         <run_address>0xddf5</run_address>
         <size>0x122</size>
         <input_file_ref idref="fl-d1"/>
      </object_component>
      <object_component id="oc-c7">
         <name>.debug_info</name>
         <load_address>0xdf17</load_address>
         <run_address>0xdf17</run_address>
         <size>0x1dd</size>
         <input_file_ref idref="fl-d1"/>
      </object_component>
      <object_component id="oc-17a">
         <name>.debug_info</name>
         <load_address>0xe0f4</load_address>
         <run_address>0xe0f4</run_address>
         <size>0x103e</size>
         <input_file_ref idref="fl-d1"/>
      </object_component>
      <object_component id="oc-1ed">
         <name>.debug_info</name>
         <load_address>0xf132</load_address>
         <run_address>0xf132</run_address>
         <size>0x379</size>
         <input_file_ref idref="fl-d3"/>
      </object_component>
      <object_component id="oc-180">
         <name>.debug_info</name>
         <load_address>0xf4ab</load_address>
         <run_address>0xf4ab</run_address>
         <size>0x10f</size>
         <input_file_ref idref="fl-d3"/>
      </object_component>
      <object_component id="oc-193">
         <name>.debug_info</name>
         <load_address>0xf5ba</load_address>
         <run_address>0xf5ba</run_address>
         <size>0x12b</size>
         <input_file_ref idref="fl-d3"/>
      </object_component>
      <object_component id="oc-188">
         <name>.debug_info</name>
         <load_address>0xf6e5</load_address>
         <run_address>0xf6e5</run_address>
         <size>0x12d</size>
         <input_file_ref idref="fl-d3"/>
      </object_component>
      <object_component id="oc-242">
         <name>.debug_info</name>
         <load_address>0xf812</load_address>
         <run_address>0xf812</run_address>
         <size>0x9d</size>
      </object_component>
      <object_component id="oc-1f1">
         <name>.debug_line</name>
         <load_address>0x0</load_address>
         <run_address>0x0</run_address>
         <size>0x2f</size>
         <input_file_ref idref="fl-2"/>
      </object_component>
      <object_component id="oc-1f7">
         <name>.debug_line</name>
         <load_address>0x2f</load_address>
         <run_address>0x2f</run_address>
         <size>0x2f</size>
         <input_file_ref idref="fl-2"/>
      </object_component>
      <object_component id="oc-201">
         <name>.debug_line</name>
         <load_address>0x5e</load_address>
         <run_address>0x5e</run_address>
         <size>0x2f</size>
         <input_file_ref idref="fl-2"/>
      </object_component>
      <object_component id="oc-1f3">
         <name>.debug_line</name>
         <load_address>0x8d</load_address>
         <run_address>0x8d</run_address>
         <size>0x2f</size>
         <input_file_ref idref="fl-2"/>
      </object_component>
      <object_component id="oc-1f5">
         <name>.debug_line</name>
         <load_address>0xbc</load_address>
         <run_address>0xbc</run_address>
         <size>0x2f</size>
         <input_file_ref idref="fl-2"/>
      </object_component>
      <object_component id="oc-1f9">
         <name>.debug_line</name>
         <load_address>0xeb</load_address>
         <run_address>0xeb</run_address>
         <size>0x2f</size>
         <input_file_ref idref="fl-2"/>
      </object_component>
      <object_component id="oc-1fb">
         <name>.debug_line</name>
         <load_address>0x11a</load_address>
         <run_address>0x11a</run_address>
         <size>0x2f</size>
         <input_file_ref idref="fl-2"/>
      </object_component>
      <object_component id="oc-1fd">
         <name>.debug_line</name>
         <load_address>0x149</load_address>
         <run_address>0x149</run_address>
         <size>0x2f</size>
         <input_file_ref idref="fl-2"/>
      </object_component>
      <object_component id="oc-1ff">
         <name>.debug_line</name>
         <load_address>0x178</load_address>
         <run_address>0x178</run_address>
         <size>0x2f</size>
         <input_file_ref idref="fl-2"/>
      </object_component>
      <object_component id="oc-203">
         <name>.debug_line</name>
         <load_address>0x1a7</load_address>
         <run_address>0x1a7</run_address>
         <size>0x2f</size>
         <input_file_ref idref="fl-2"/>
      </object_component>
      <object_component id="oc-142">
         <name>.debug_line</name>
         <load_address>0x1d6</load_address>
         <run_address>0x1d6</run_address>
         <size>0x8a3</size>
         <input_file_ref idref="fl-2"/>
      </object_component>
      <object_component id="oc-128">
         <name>.debug_line</name>
         <load_address>0xa79</load_address>
         <run_address>0xa79</run_address>
         <size>0x52</size>
         <input_file_ref idref="fl-2"/>
      </object_component>
      <object_component id="oc-12d">
         <name>.debug_line</name>
         <load_address>0xacb</load_address>
         <run_address>0xacb</run_address>
         <size>0x55</size>
         <input_file_ref idref="fl-2"/>
      </object_component>
      <object_component id="oc-39">
         <name>.debug_line</name>
         <load_address>0xb20</load_address>
         <run_address>0xb20</run_address>
         <size>0x20</size>
         <input_file_ref idref="fl-2"/>
      </object_component>
      <object_component id="oc-e9">
         <name>.debug_line</name>
         <load_address>0xb40</load_address>
         <run_address>0xb40</run_address>
         <size>0x65</size>
         <input_file_ref idref="fl-2"/>
      </object_component>
      <object_component id="oc-132">
         <name>.debug_line</name>
         <load_address>0xba5</load_address>
         <run_address>0xba5</run_address>
         <size>0x2f</size>
         <input_file_ref idref="fl-2"/>
      </object_component>
      <object_component id="oc-124">
         <name>.debug_line</name>
         <load_address>0xbd4</load_address>
         <run_address>0xbd4</run_address>
         <size>0x62</size>
         <input_file_ref idref="fl-3"/>
      </object_component>
      <object_component id="oc-1e6">
         <name>.debug_line</name>
         <load_address>0xc36</load_address>
         <run_address>0xc36</run_address>
         <size>0x2d</size>
         <input_file_ref idref="fl-3"/>
      </object_component>
      <object_component id="oc-1c1">
         <name>.debug_line</name>
         <load_address>0xc63</load_address>
         <run_address>0xc63</run_address>
         <size>0x31</size>
         <input_file_ref idref="fl-3"/>
      </object_component>
      <object_component id="oc-1c3">
         <name>.debug_line</name>
         <load_address>0xc94</load_address>
         <run_address>0xc94</run_address>
         <size>0x31</size>
         <input_file_ref idref="fl-3"/>
      </object_component>
      <object_component id="oc-1bd">
         <name>.debug_line</name>
         <load_address>0xcc5</load_address>
         <run_address>0xcc5</run_address>
         <size>0x31</size>
         <input_file_ref idref="fl-3"/>
      </object_component>
      <object_component id="oc-205">
         <name>.debug_line</name>
         <load_address>0xcf6</load_address>
         <run_address>0xcf6</run_address>
         <size>0x31</size>
         <input_file_ref idref="fl-3"/>
      </object_component>
      <object_component id="oc-207">
         <name>.debug_line</name>
         <load_address>0xd27</load_address>
         <run_address>0xd27</run_address>
         <size>0x31</size>
         <input_file_ref idref="fl-3"/>
      </object_component>
      <object_component id="oc-209">
         <name>.debug_line</name>
         <load_address>0xd58</load_address>
         <run_address>0xd58</run_address>
         <size>0x31</size>
         <input_file_ref idref="fl-3"/>
      </object_component>
      <object_component id="oc-213">
         <name>.debug_line</name>
         <load_address>0xd89</load_address>
         <run_address>0xd89</run_address>
         <size>0x31</size>
         <input_file_ref idref="fl-3"/>
      </object_component>
      <object_component id="oc-215">
         <name>.debug_line</name>
         <load_address>0xdba</load_address>
         <run_address>0xdba</run_address>
         <size>0x31</size>
         <input_file_ref idref="fl-3"/>
      </object_component>
      <object_component id="oc-211">
         <name>.debug_line</name>
         <load_address>0xdeb</load_address>
         <run_address>0xdeb</run_address>
         <size>0x31</size>
         <input_file_ref idref="fl-3"/>
      </object_component>
      <object_component id="oc-20b">
         <name>.debug_line</name>
         <load_address>0xe1c</load_address>
         <run_address>0xe1c</run_address>
         <size>0x31</size>
         <input_file_ref idref="fl-3"/>
      </object_component>
      <object_component id="oc-20d">
         <name>.debug_line</name>
         <load_address>0xe4d</load_address>
         <run_address>0xe4d</run_address>
         <size>0x31</size>
         <input_file_ref idref="fl-3"/>
      </object_component>
      <object_component id="oc-20f">
         <name>.debug_line</name>
         <load_address>0xe7e</load_address>
         <run_address>0xe7e</run_address>
         <size>0x31</size>
         <input_file_ref idref="fl-3"/>
      </object_component>
      <object_component id="oc-1ea">
         <name>.debug_line</name>
         <load_address>0xeaf</load_address>
         <run_address>0xeaf</run_address>
         <size>0x31</size>
         <input_file_ref idref="fl-3"/>
      </object_component>
      <object_component id="oc-1e8">
         <name>.debug_line</name>
         <load_address>0xee0</load_address>
         <run_address>0xee0</run_address>
         <size>0x31</size>
         <input_file_ref idref="fl-3"/>
      </object_component>
      <object_component id="oc-1bf">
         <name>.debug_line</name>
         <load_address>0xf11</load_address>
         <run_address>0xf11</run_address>
         <size>0x31</size>
         <input_file_ref idref="fl-3"/>
      </object_component>
      <object_component id="oc-1e0">
         <name>.debug_line</name>
         <load_address>0xf42</load_address>
         <run_address>0xf42</run_address>
         <size>0x2d</size>
         <input_file_ref idref="fl-3"/>
      </object_component>
      <object_component id="oc-1e2">
         <name>.debug_line</name>
         <load_address>0xf6f</load_address>
         <run_address>0xf6f</run_address>
         <size>0x2d</size>
         <input_file_ref idref="fl-3"/>
      </object_component>
      <object_component id="oc-1e4">
         <name>.debug_line</name>
         <load_address>0xf9c</load_address>
         <run_address>0xf9c</run_address>
         <size>0x2d</size>
         <input_file_ref idref="fl-3"/>
      </object_component>
      <object_component id="oc-e2">
         <name>.debug_line</name>
         <load_address>0xfc9</load_address>
         <run_address>0xfc9</run_address>
         <size>0x1c2</size>
         <input_file_ref idref="fl-3"/>
      </object_component>
      <object_component id="oc-137">
         <name>.debug_line</name>
         <load_address>0x118b</load_address>
         <run_address>0x118b</run_address>
         <size>0x2d</size>
         <input_file_ref idref="fl-3"/>
      </object_component>
      <object_component id="oc-13a">
         <name>.debug_line</name>
         <load_address>0x11b8</load_address>
         <run_address>0x11b8</run_address>
         <size>0x46</size>
         <input_file_ref idref="fl-4"/>
      </object_component>
      <object_component id="oc-86">
         <name>.debug_line</name>
         <load_address>0x11fe</load_address>
         <run_address>0x11fe</run_address>
         <size>0xdf</size>
         <input_file_ref idref="fl-4"/>
      </object_component>
      <object_component id="oc-178">
         <name>.debug_line</name>
         <load_address>0x12dd</load_address>
         <run_address>0x12dd</run_address>
         <size>0x6b</size>
         <input_file_ref idref="fl-4"/>
      </object_component>
      <object_component id="oc-dc">
         <name>.debug_line</name>
         <load_address>0x1348</load_address>
         <run_address>0x1348</run_address>
         <size>0x20</size>
         <input_file_ref idref="fl-4"/>
      </object_component>
      <object_component id="oc-ec">
         <name>.debug_line</name>
         <load_address>0x1368</load_address>
         <run_address>0x1368</run_address>
         <size>0x40</size>
         <input_file_ref idref="fl-5"/>
      </object_component>
      <object_component id="oc-88">
         <name>.debug_line</name>
         <load_address>0x13a8</load_address>
         <run_address>0x13a8</run_address>
         <size>0x40</size>
         <input_file_ref idref="fl-5"/>
      </object_component>
      <object_component id="oc-79">
         <name>.debug_line</name>
         <load_address>0x13e8</load_address>
         <run_address>0x13e8</run_address>
         <size>0x71</size>
         <input_file_ref idref="fl-5"/>
      </object_component>
      <object_component id="oc-13c">
         <name>.debug_line</name>
         <load_address>0x1459</load_address>
         <run_address>0x1459</run_address>
         <size>0x80</size>
         <input_file_ref idref="fl-6"/>
      </object_component>
      <object_component id="oc-7c">
         <name>.debug_line</name>
         <load_address>0x14d9</load_address>
         <run_address>0x14d9</run_address>
         <size>0x9b</size>
         <input_file_ref idref="fl-6"/>
      </object_component>
      <object_component id="oc-172">
         <name>.debug_line</name>
         <load_address>0x1574</load_address>
         <run_address>0x1574</run_address>
         <size>0x3b</size>
         <input_file_ref idref="fl-7"/>
      </object_component>
      <object_component id="oc-c2">
         <name>.debug_line</name>
         <load_address>0x15af</load_address>
         <run_address>0x15af</run_address>
         <size>0x146</size>
         <input_file_ref idref="fl-7"/>
      </object_component>
      <object_component id="oc-2a">
         <name>.debug_line</name>
         <load_address>0x16f5</load_address>
         <run_address>0x16f5</run_address>
         <size>0x53</size>
         <input_file_ref idref="fl-c2"/>
      </object_component>
      <object_component id="oc-ee">
         <name>.debug_line</name>
         <load_address>0x1748</load_address>
         <run_address>0x1748</run_address>
         <size>0x20</size>
         <input_file_ref idref="fl-c3"/>
      </object_component>
      <object_component id="oc-16">
         <name>.debug_line</name>
         <load_address>0x1768</load_address>
         <run_address>0x1768</run_address>
         <size>0xa9</size>
         <input_file_ref idref="fl-c3"/>
      </object_component>
      <object_component id="oc-34">
         <name>.debug_line</name>
         <load_address>0x1811</load_address>
         <run_address>0x1811</run_address>
         <size>0x3a</size>
         <input_file_ref idref="fl-c3"/>
      </object_component>
      <object_component id="oc-8d">
         <name>.debug_line</name>
         <load_address>0x184b</load_address>
         <run_address>0x184b</run_address>
         <size>0x8a</size>
         <input_file_ref idref="fl-c3"/>
      </object_component>
      <object_component id="oc-97">
         <name>.debug_line</name>
         <load_address>0x18d5</load_address>
         <run_address>0x18d5</run_address>
         <size>0x8a</size>
         <input_file_ref idref="fl-c4"/>
      </object_component>
      <object_component id="oc-1d">
         <name>.debug_line</name>
         <load_address>0x195f</load_address>
         <run_address>0x195f</run_address>
         <size>0x55</size>
         <input_file_ref idref="fl-c4"/>
      </object_component>
      <object_component id="oc-44">
         <name>.debug_line</name>
         <load_address>0x19b4</load_address>
         <run_address>0x19b4</run_address>
         <size>0x3a</size>
         <input_file_ref idref="fl-c4"/>
      </object_component>
      <object_component id="oc-94">
         <name>.debug_line</name>
         <load_address>0x19ee</load_address>
         <run_address>0x19ee</run_address>
         <size>0x8a</size>
         <input_file_ref idref="fl-c4"/>
      </object_component>
      <object_component id="oc-9f">
         <name>.debug_line</name>
         <load_address>0x1a78</load_address>
         <run_address>0x1a78</run_address>
         <size>0x8a</size>
         <input_file_ref idref="fl-c5"/>
      </object_component>
      <object_component id="oc-24">
         <name>.debug_line</name>
         <load_address>0x1b02</load_address>
         <run_address>0x1b02</run_address>
         <size>0x4f</size>
         <input_file_ref idref="fl-c5"/>
      </object_component>
      <object_component id="oc-50">
         <name>.debug_line</name>
         <load_address>0x1b51</load_address>
         <run_address>0x1b51</run_address>
         <size>0x34</size>
         <input_file_ref idref="fl-c5"/>
      </object_component>
      <object_component id="oc-9c">
         <name>.debug_line</name>
         <load_address>0x1b85</load_address>
         <run_address>0x1b85</run_address>
         <size>0x8a</size>
         <input_file_ref idref="fl-c5"/>
      </object_component>
      <object_component id="oc-112">
         <name>.debug_line</name>
         <load_address>0x1c0f</load_address>
         <run_address>0x1c0f</run_address>
         <size>0xf2</size>
         <input_file_ref idref="fl-c6"/>
      </object_component>
      <object_component id="oc-106">
         <name>.debug_line</name>
         <load_address>0x1d01</load_address>
         <run_address>0x1d01</run_address>
         <size>0x2a</size>
         <input_file_ref idref="fl-c6"/>
      </object_component>
      <object_component id="oc-6f">
         <name>.debug_line</name>
         <load_address>0x1d2b</load_address>
         <run_address>0x1d2b</run_address>
         <size>0x86</size>
         <input_file_ref idref="fl-c6"/>
      </object_component>
      <object_component id="oc-3c">
         <name>.debug_line</name>
         <load_address>0x1db1</load_address>
         <run_address>0x1db1</run_address>
         <size>0x88</size>
         <input_file_ref idref="fl-c7"/>
      </object_component>
      <object_component id="oc-4b">
         <name>.debug_line</name>
         <load_address>0x1e39</load_address>
         <run_address>0x1e39</run_address>
         <size>0x79</size>
         <input_file_ref idref="fl-c8"/>
      </object_component>
      <object_component id="oc-58">
         <name>.debug_line</name>
         <load_address>0x1eb2</load_address>
         <run_address>0x1eb2</run_address>
         <size>0x3d</size>
         <input_file_ref idref="fl-c9"/>
      </object_component>
      <object_component id="oc-5e">
         <name>.debug_line</name>
         <load_address>0x1eef</load_address>
         <run_address>0x1eef</run_address>
         <size>0x40</size>
         <input_file_ref idref="fl-ca"/>
      </object_component>
      <object_component id="oc-bc">
         <name>.debug_line</name>
         <load_address>0x1f2f</load_address>
         <run_address>0x1f2f</run_address>
         <size>0x33</size>
         <input_file_ref idref="fl-cb"/>
      </object_component>
      <object_component id="oc-170">
         <name>.debug_line</name>
         <load_address>0x1f62</load_address>
         <run_address>0x1f62</run_address>
         <size>0x20</size>
         <input_file_ref idref="fl-cc"/>
      </object_component>
      <object_component id="oc-10e">
         <name>.debug_line</name>
         <load_address>0x1f82</load_address>
         <run_address>0x1f82</run_address>
         <size>0x2b</size>
         <input_file_ref idref="fl-cc"/>
      </object_component>
      <object_component id="oc-10c">
         <name>.debug_line</name>
         <load_address>0x1fad</load_address>
         <run_address>0x1fad</run_address>
         <size>0x68</size>
         <input_file_ref idref="fl-cc"/>
      </object_component>
      <object_component id="oc-ff">
         <name>.debug_line</name>
         <load_address>0x2015</load_address>
         <run_address>0x2015</run_address>
         <size>0x2b</size>
         <input_file_ref idref="fl-cd"/>
      </object_component>
      <object_component id="oc-69">
         <name>.debug_line</name>
         <load_address>0x2040</load_address>
         <run_address>0x2040</run_address>
         <size>0x4a</size>
         <input_file_ref idref="fl-cd"/>
      </object_component>
      <object_component id="oc-103">
         <name>.debug_line</name>
         <load_address>0x208a</load_address>
         <run_address>0x208a</run_address>
         <size>0x2b</size>
         <input_file_ref idref="fl-cd"/>
      </object_component>
      <object_component id="oc-f3">
         <name>.debug_line</name>
         <load_address>0x20b5</load_address>
         <run_address>0x20b5</run_address>
         <size>0xa9</size>
         <input_file_ref idref="fl-ce"/>
      </object_component>
      <object_component id="oc-60">
         <name>.debug_line</name>
         <load_address>0x215e</load_address>
         <run_address>0x215e</run_address>
         <size>0x8b</size>
         <input_file_ref idref="fl-ce"/>
      </object_component>
      <object_component id="oc-f7">
         <name>.debug_line</name>
         <load_address>0x21e9</load_address>
         <run_address>0x21e9</run_address>
         <size>0x2e</size>
         <input_file_ref idref="fl-ce"/>
      </object_component>
      <object_component id="oc-16c">
         <name>.debug_line</name>
         <load_address>0x2217</load_address>
         <run_address>0x2217</run_address>
         <size>0x8a</size>
         <input_file_ref idref="fl-ce"/>
      </object_component>
      <object_component id="oc-fc">
         <name>.debug_line</name>
         <load_address>0x22a1</load_address>
         <run_address>0x22a1</run_address>
         <size>0x8b</size>
         <input_file_ref idref="fl-ce"/>
      </object_component>
      <object_component id="oc-163">
         <name>.debug_line</name>
         <load_address>0x232c</load_address>
         <run_address>0x232c</run_address>
         <size>0x98</size>
         <input_file_ref idref="fl-cf"/>
      </object_component>
      <object_component id="oc-a6">
         <name>.debug_line</name>
         <load_address>0x23c4</load_address>
         <run_address>0x23c4</run_address>
         <size>0x68</size>
         <input_file_ref idref="fl-cf"/>
      </object_component>
      <object_component id="oc-167">
         <name>.debug_line</name>
         <load_address>0x242c</load_address>
         <run_address>0x242c</run_address>
         <size>0x2e</size>
         <input_file_ref idref="fl-cf"/>
      </object_component>
      <object_component id="oc-ad">
         <name>.debug_line</name>
         <load_address>0x245a</load_address>
         <run_address>0x245a</run_address>
         <size>0x3c</size>
         <input_file_ref idref="fl-d0"/>
      </object_component>
      <object_component id="oc-174">
         <name>.debug_line</name>
         <load_address>0x2496</load_address>
         <run_address>0x2496</run_address>
         <size>0x47</size>
         <input_file_ref idref="fl-d1"/>
      </object_component>
      <object_component id="oc-18c">
         <name>.debug_line</name>
         <load_address>0x24dd</load_address>
         <run_address>0x24dd</run_address>
         <size>0x5b</size>
         <input_file_ref idref="fl-d1"/>
      </object_component>
      <object_component id="oc-11d">
         <name>.debug_line</name>
         <load_address>0x2538</load_address>
         <run_address>0x2538</run_address>
         <size>0x73</size>
         <input_file_ref idref="fl-d1"/>
      </object_component>
      <object_component id="oc-cb">
         <name>.debug_line</name>
         <load_address>0x25ab</load_address>
         <run_address>0x25ab</run_address>
         <size>0x3d</size>
         <input_file_ref idref="fl-d1"/>
      </object_component>
      <object_component id="oc-c5">
         <name>.debug_line</name>
         <load_address>0x25e8</load_address>
         <run_address>0x25e8</run_address>
         <size>0x3e</size>
         <input_file_ref idref="fl-d1"/>
      </object_component>
      <object_component id="oc-17d">
         <name>.debug_line</name>
         <load_address>0x2626</load_address>
         <run_address>0x2626</run_address>
         <size>0x5e</size>
         <input_file_ref idref="fl-d1"/>
      </object_component>
      <object_component id="oc-217">
         <name>.debug_line</name>
         <load_address>0x2684</load_address>
         <run_address>0x2684</run_address>
         <size>0x20</size>
         <input_file_ref idref="fl-d3"/>
      </object_component>
      <object_component id="oc-183">
         <name>.debug_line</name>
         <load_address>0x26a4</load_address>
         <run_address>0x26a4</run_address>
         <size>0x41</size>
         <input_file_ref idref="fl-d3"/>
      </object_component>
      <object_component id="oc-195">
         <name>.debug_line</name>
         <load_address>0x26e5</load_address>
         <run_address>0x26e5</run_address>
         <size>0x41</size>
         <input_file_ref idref="fl-d3"/>
      </object_component>
      <object_component id="oc-187">
         <name>.debug_line</name>
         <load_address>0x2726</load_address>
         <run_address>0x2726</run_address>
         <size>0x41</size>
         <input_file_ref idref="fl-d3"/>
      </object_component>
      <object_component id="oc-141">
         <name>.debug_frame</name>
         <load_address>0x0</load_address>
         <run_address>0x0</run_address>
         <size>0x4a5</size>
         <input_file_ref idref="fl-2"/>
      </object_component>
      <object_component id="oc-e3">
         <name>.debug_frame</name>
         <load_address>0x4a5</load_address>
         <run_address>0x4a5</run_address>
         <size>0x160</size>
         <input_file_ref idref="fl-3"/>
      </object_component>
      <object_component id="oc-85">
         <name>.debug_frame</name>
         <load_address>0x605</load_address>
         <run_address>0x605</run_address>
         <size>0x89</size>
         <input_file_ref idref="fl-4"/>
      </object_component>
      <object_component id="oc-7a">
         <name>.debug_frame</name>
         <load_address>0x68e</load_address>
         <run_address>0x68e</run_address>
         <size>0x69</size>
         <input_file_ref idref="fl-5"/>
      </object_component>
      <object_component id="oc-7d">
         <name>.debug_frame</name>
         <load_address>0x6f7</load_address>
         <run_address>0x6f7</run_address>
         <size>0x80</size>
         <input_file_ref idref="fl-6"/>
      </object_component>
      <object_component id="oc-c1">
         <name>.debug_frame</name>
         <load_address>0x777</load_address>
         <run_address>0x777</run_address>
         <size>0x6a</size>
         <input_file_ref idref="fl-7"/>
      </object_component>
      <object_component id="oc-19">
         <name>.debug_frame</name>
         <load_address>0x7e1</load_address>
         <run_address>0x7e1</run_address>
         <size>0x60</size>
         <input_file_ref idref="fl-c3"/>
      </object_component>
      <object_component id="oc-1c">
         <name>.debug_frame</name>
         <load_address>0x841</load_address>
         <run_address>0x841</run_address>
         <size>0x51</size>
         <input_file_ref idref="fl-c4"/>
      </object_component>
      <object_component id="oc-25">
         <name>.debug_frame</name>
         <load_address>0x892</load_address>
         <run_address>0x892</run_address>
         <size>0x51</size>
         <input_file_ref idref="fl-c5"/>
      </object_component>
      <object_component id="oc-70">
         <name>.debug_frame</name>
         <load_address>0x8e3</load_address>
         <run_address>0x8e3</run_address>
         <size>0x85</size>
         <input_file_ref idref="fl-c6"/>
      </object_component>
      <object_component id="oc-55">
         <name>.debug_frame</name>
         <load_address>0x968</load_address>
         <run_address>0x968</run_address>
         <size>0x51</size>
         <input_file_ref idref="fl-c9"/>
      </object_component>
      <object_component id="oc-5d">
         <name>.debug_frame</name>
         <load_address>0x9b9</load_address>
         <run_address>0x9b9</run_address>
         <size>0x51</size>
         <input_file_ref idref="fl-ca"/>
      </object_component>
      <object_component id="oc-10b">
         <name>.debug_frame</name>
         <load_address>0xa0a</load_address>
         <run_address>0xa0a</run_address>
         <size>0x73</size>
         <input_file_ref idref="fl-cc"/>
      </object_component>
      <object_component id="oc-6a">
         <name>.debug_frame</name>
         <load_address>0xa7d</load_address>
         <run_address>0xa7d</run_address>
         <size>0x51</size>
         <input_file_ref idref="fl-cd"/>
      </object_component>
      <object_component id="oc-64">
         <name>.debug_frame</name>
         <load_address>0xace</load_address>
         <run_address>0xace</run_address>
         <size>0x5c</size>
         <input_file_ref idref="fl-ce"/>
      </object_component>
      <object_component id="oc-a7">
         <name>.debug_frame</name>
         <load_address>0xb2a</load_address>
         <run_address>0xb2a</run_address>
         <size>0x60</size>
         <input_file_ref idref="fl-cf"/>
      </object_component>
      <object_component id="oc-ac">
         <name>.debug_frame</name>
         <load_address>0xb8a</load_address>
         <run_address>0xb8a</run_address>
         <size>0x51</size>
         <input_file_ref idref="fl-d0"/>
      </object_component>
      <object_component id="oc-18d">
         <name>.debug_frame</name>
         <load_address>0xbdb</load_address>
         <run_address>0xbdb</run_address>
         <size>0x83</size>
         <input_file_ref idref="fl-d1"/>
      </object_component>
      <object_component id="oc-11e">
         <name>.debug_frame</name>
         <load_address>0xc5e</load_address>
         <run_address>0xc5e</run_address>
         <size>0x92</size>
         <input_file_ref idref="fl-d1"/>
      </object_component>
      <object_component id="oc-cc">
         <name>.debug_frame</name>
         <load_address>0xcf0</load_address>
         <run_address>0xcf0</run_address>
         <size>0x7f</size>
         <input_file_ref idref="fl-d1"/>
      </object_component>
      <object_component id="oc-c6">
         <name>.debug_frame</name>
         <load_address>0xd6f</load_address>
         <run_address>0xd6f</run_address>
         <size>0x7f</size>
         <input_file_ref idref="fl-d1"/>
      </object_component>
      <object_component id="oc-184">
         <name>.debug_frame</name>
         <load_address>0xdee</load_address>
         <run_address>0xdee</run_address>
         <size>0x7f</size>
         <input_file_ref idref="fl-d3"/>
      </object_component>
      <object_component id="oc-196">
         <name>.debug_frame</name>
         <load_address>0xe6d</load_address>
         <run_address>0xe6d</run_address>
         <size>0x7f</size>
         <input_file_ref idref="fl-d3"/>
      </object_component>
      <object_component id="oc-18a">
         <name>.debug_frame</name>
         <load_address>0xeec</load_address>
         <run_address>0xeec</run_address>
         <size>0x7f</size>
         <input_file_ref idref="fl-d3"/>
      </object_component>
      <object_component id="oc-1f0">
         <name>.debug_abbrev</name>
         <load_address>0x0</load_address>
         <run_address>0x0</run_address>
         <size>0xa8</size>
         <input_file_ref idref="fl-2"/>
      </object_component>
      <object_component id="oc-1f6">
         <name>.debug_abbrev</name>
         <load_address>0xa8</load_address>
         <run_address>0xa8</run_address>
         <size>0x53</size>
[...]
      </symbol>
      <symbol id="sm-1b9">
         <name>ST7735_FillRect</name>
         <value>0xe781</value>
         <object_component_ref idref="oc-13d"/>
      </symbol>
      <symbol id="sm-1ba">
         <name>ST7735_PlotPoint</name>
         <value>0xf07f</value>
         <object_component_ref idref="oc-13d"/>
      </symbol>
      <symbol id="sm-1bb">
         <name>ST7735_InvertDisplay</name>
         <value>0xf00b</value>
         <object_component_ref idref="oc-13d"/>
      </symbol>
      <symbol id="sm-1bc">
         <name>ST7735_DrawFastHLine</name>
         <value>0xe695</value>
         <object_component_ref idref="oc-13d"/>
      </symbol>
      <symbol id="sm-1bd">
         <name>ST7735_OutString</name>
         <value>0xf505</value>
         <object_component_ref idref="oc-13d"/>
      </symbol>
      <symbol id="sm-277">
         <name>CurrentState</name>
         <value>0x20000070</value>
      </symbol>
      <symbol id="sm-278">
         <name>intervalCnt</name>
         <value>0x20000068</value>
      </symbol>
      <symbol id="sm-279">
         <name>ms_timeout</name>
         <value>0x20000071</value>
      </symbol>
      <symbol id="sm-27a">
         <name>slotXValues</name>
         <value>0xe1cc</value>
         <object_component_ref idref="oc-149"/>
      </symbol>
      <symbol id="sm-27b">
         <name>pear</name>
         <value>0xd09c</value>
         <object_component_ref idref="oc-1cd"/>
      </symbol>
      <symbol id="sm-27c">
         <name>stopOne</name>
         <value>0xf7c9</value>
         <object_component_ref idref="oc-de"/>
      </symbol>
      <symbol id="sm-27d">
         <name>slotYValues</name>
         <value>0xe1d8</value>
         <object_component_ref idref="oc-14c"/>
      </symbol>
      <symbol id="sm-27e">
         <name>bell</name>
         <value>0xb92c</value>
         <object_component_ref idref="oc-1c7"/>
      </symbol>
      <symbol id="sm-27f">
         <name>start</name>
         <value>0x9f18</value>
         <object_component_ref idref="oc-146"/>
      </symbol>
      <symbol id="sm-280">
         <name>displaySlotThree</name>
         <value>0xf6e9</value>
         <object_component_ref idref="oc-de"/>
      </symbol>
      <symbol id="sm-281">
         <name>displaySlotOne</name>
         <value>0xf5f1</value>
         <object_component_ref idref="oc-de"/>
      </symbol>
      <symbol id="sm-282">
         <name>cheery</name>
         <value>0xc28c</value>
         <object_component_ref idref="oc-1d9"/>
      </symbol>
      <symbol id="sm-283">
         <name>stopTwo</name>
         <value>0xf817</value>
         <object_component_ref idref="oc-de"/>
      </symbol>
      <symbol id="sm-284">
         <name>slotThree</name>
         <value>0xe18c</value>
         <object_component_ref idref="oc-155"/>
      </symbol>
      <symbol id="sm-285">
         <name>game</name>
         <value>0xf86b</value>
         <object_component_ref idref="oc-de"/>
      </symbol>
      <symbol id="sm-286">
         <name>slotOne</name>
         <value>0xe17a</value>
         <object_component_ref idref="oc-14f"/>
      </symbol>
      <symbol id="sm-287">
         <name>orange</name>
         <value>0xcbec</value>
         <object_component_ref idref="oc-1d6"/>
      </symbol>
      <symbol id="sm-288">
         <name>displaySlotTwo</name>
         <value>0xf66d</value>
         <object_component_ref idref="oc-de"/>
      </symbol>
      <symbol id="sm-289">
         <name>seven</name>
         <value>0xd54c</value>
         <object_component_ref idref="oc-1d0"/>
      </symbol>
      <symbol id="sm-28a">
         <name>lose</name>
         <value>0x96e4</value>
         <object_component_ref idref="oc-15e"/>
      </symbol>
      <symbol id="sm-28b">
         <name>stopThree</name>
         <value>0xf84f</value>
         <object_component_ref idref="oc-de"/>
      </symbol>
      <symbol id="sm-28c">
         <name>slotTwo</name>
         <value>0xe19e</value>
         <object_component_ref idref="oc-152"/>
      </symbol>
      <symbol id="sm-28d">
         <name>initState</name>
         <value>0xf5b3</value>
         <object_component_ref idref="oc-de"/>
      </symbol>
      <symbol id="sm-28e">
         <name>roll</name>
         <value>0xf765</value>
         <object_component_ref idref="oc-de"/>
      </symbol>
      <symbol id="sm-28f">
         <name>bgnd</name>
         <value>0xe4</value>
         <object_component_ref idref="oc-143"/>
      </symbol>
      <symbol id="sm-290">
         <name>watermelon</name>
         <value>0xd9fc</value>
         <object_component_ref idref="oc-1d3"/>
      </symbol>
      <symbol id="sm-291">
         <name>initLCD</name>
         <value>0xf5a9</value>
         <object_component_ref idref="oc-de"/>
      </symbol>
      <symbol id="sm-292">
         <name>brinjal</name>
         <value>0xbddc</value>
         <object_component_ref idref="oc-1ca"/>
      </symbol>
      <symbol id="sm-293">
         <name>grapes</name>
         <value>0xc73c</value>
         <object_component_ref idref="oc-1dc"/>
      </symbol>
      <symbol id="sm-294">
         <name>checkWin</name>
         <value>0xf8d1</value>
         <object_component_ref idref="oc-de"/>
      </symbol>
      <symbol id="sm-295">
         <name>bar</name>
         <value>0xb47c</value>
         <object_component_ref idref="oc-1c4"/>
      </symbol>
      <symbol id="sm-296">
         <name>win</name>
         <value>0xa74c</value>
         <object_component_ref idref="oc-15b"/>
      </symbol>
      <symbol id="sm-2bf">
         <name>main</name>
         <value>0xfc85</value>
         <object_component_ref idref="oc-81"/>
      </symbol>
      <symbol id="sm-2c0">
         <name>PORT5_IRQHandler</name>
         <value>0xfd57</value>
         <object_component_ref idref="oc-81"/>
      </symbol>
      <symbol id="sm-2c1">
         <name>PORT3_IRQHandler</name>
         <value>0xfd97</value>
         <object_component_ref idref="oc-81"/>
      </symbol>
      <symbol id="sm-2d6">
         <name>Reset_Handler</name>
         <value>0x10343</value>
         <object_component_ref idref="oc-75"/>
      </symbol>
      <symbol id="sm-2d7">
         <name>Default_Handler</name>
         <value>0x1034f</value>
         <object_component_ref idref="oc-75"/>
      </symbol>
      <symbol id="sm-2d8">
         <name>interruptVectors</name>
         <value>0x0</value>
         <object_component_ref idref="oc-2c"/>
      </symbol>
      <symbol id="sm-2f3">
         <name>clockInit48MHzXTL</name>
         <value>0xfe09</value>
         <object_component_ref idref="oc-7b"/>
      </symbol>
      <symbol id="sm-2f4">
         <name>SysTick_Handler</name>
         <value>0xfe85</value>
         <object_component_ref idref="oc-7b"/>
      </symbol>
      <symbol id="sm-2f5">
         <name>delayNms</name>
         <value>0xfe95</value>
         <object_component_ref idref="oc-7b"/>
      </symbol>
      <symbol id="sm-33b">
         <name>SystemInit</name>
         <value>0xfbcd</value>
         <object_component_ref idref="oc-bd"/>
      </symbol>
      <symbol id="sm-33c">
         <name>SystemCoreClockUpdate</name>
         <value>0xf959</value>
         <object_component_ref idref="oc-bd"/>
      </symbol>
      <symbol id="sm-33d">
         <name>SystemCoreClock</name>
         <value>0x2000003c</value>
         <object_component_ref idref="oc-113"/>
      </symbol>
      <symbol id="sm-34e">
         <name>_c_int00</name>
         <value>0x101e1</value>
         <object_component_ref idref="oc-26"/>
      </symbol>
      <symbol id="sm-34f">
         <name>__stack</name>
         <value>0x2000fe00</value>
         <object_component_ref idref="oc-2f"/>
      </symbol>
      <symbol id="sm-36d">
         <name>__TI_decompress_lzss</name>
         <value>0x10179</value>
         <object_component_ref idref="oc-14"/>
      </symbol>
      <symbol id="sm-384">
         <name>__TI_decompress_none</name>
         <value>0x10335</value>
         <object_component_ref idref="oc-1a"/>
      </symbol>
      <symbol id="sm-39b">
         <name>__TI_zero_init</name>
         <value>0x1035d</value>
         <object_component_ref idref="oc-20"/>
      </symbol>
      <symbol id="sm-3bc">
         <name>C$$EXIT</name>
         <value>0x10235</value>
         <object_component_ref idref="oc-6b"/>
      </symbol>
      <symbol id="sm-3bd">
         <name>abort</name>
         <value>0x10239</value>
         <object_component_ref idref="oc-6b"/>
      </symbol>
      <symbol id="sm-3be">
         <name>exit</name>
         <value>0x10241</value>
         <object_component_ref idref="oc-6b"/>
      </symbol>
      <symbol id="sm-3bf">
         <name>__TI_dtors_ptr</name>
         <value>0x20000028</value>
         <object_component_ref idref="oc-b2"/>
      </symbol>
      <symbol id="sm-3c0">
         <name>__TI_cleanup_ptr</name>
         <value>0x20000024</value>
         <object_component_ref idref="oc-b2"/>
      </symbol>
      <symbol id="sm-3c1">
         <name>__TI_enable_exit_profile_output</name>
         <value>0x2000002c</value>
         <object_component_ref idref="oc-b2"/>
      </symbol>
      <symbol id="sm-3dc">
         <name>memcpy</name>
         <value>0xff81</value>
         <object_component_ref idref="oc-3b"/>
      </symbol>
      <symbol id="sm-3dd">
         <name>__aeabi_memcpy</name>
         <value>0xff81</value>
         <object_component_ref idref="oc-3b"/>
      </symbol>
      <symbol id="sm-3de">
         <name>__aeabi_memcpy8</name>
         <value>0xff81</value>
         <object_component_ref idref="oc-3b"/>
      </symbol>
      <symbol id="sm-3df">
         <name>__aeabi_memcpy4</name>
         <value>0xff81</value>
         <object_component_ref idref="oc-3b"/>
      </symbol>
      <symbol id="sm-3ee">
         <name>__aeabi_memset</name>
         <value>0x1001f</value>
         <object_component_ref idref="oc-47"/>
      </symbol>
      <symbol id="sm-3ef">
         <name>memset</name>
         <value>0x10025</value>
         <object_component_ref idref="oc-47"/>
      </symbol>
      <symbol id="sm-3f0">
         <name>__aeabi_memset8</name>
         <value>0x1001f</value>
         <object_component_ref idref="oc-47"/>
      </symbol>
      <symbol id="sm-3f1">
         <name>__aeabi_memset4</name>
         <value>0x1001f</value>
         <object_component_ref idref="oc-47"/>
      </symbol>
      <symbol id="sm-3f2">
         <name>__aeabi_memclr8</name>
         <value>0x1001d</value>
         <object_component_ref idref="oc-47"/>
      </symbol>
      <symbol id="sm-3f3">
         <name>__aeabi_memclr4</name>
         <value>0x1001d</value>
         <object_component_ref idref="oc-47"/>
      </symbol>
      <symbol id="sm-3f4">
         <name>__aeabi_memclr</name>
         <value>0x1001d</value>
         <object_component_ref idref="oc-47"/>
      </symbol>
      <symbol id="sm-3fe">
         <name>__mpu_init</name>
         <value>0x10097</value>
         <object_component_ref idref="oc-53"/>
      </symbol>
      <symbol id="sm-408">
         <name>_system_pre_init</name>
         <value>0x1036f</value>
         <object_component_ref idref="oc-59"/>
      </symbol>
      <symbol id="sm-410">
         <name>main_func_sp</name>
         <value>0x20000038</value>
         <object_component_ref idref="oc-71"/>
      </symbol>
      <symbol id="sm-429">
         <name>_nop</name>
         <value>0x1030f</value>
         <object_component_ref idref="oc-107"/>
      </symbol>
      <symbol id="sm-42a">
         <name>_lock</name>
         <value>0x20000030</value>
         <object_component_ref idref="oc-b5"/>
      </symbol>
      <symbol id="sm-42b">
         <name>_unlock</name>
         <value>0x20000034</value>
         <object_component_ref idref="oc-b5"/>
      </symbol>
      <symbol id="sm-42c">
         <name>_register_lock</name>
         <value>0x10307</value>
         <object_component_ref idref="oc-107"/>
      </symbol>
      <symbol id="sm-42d">
         <name>_register_unlock</name>
         <value>0x10301</value>
         <object_component_ref idref="oc-107"/>
      </symbol>
      <symbol id="sm-441">
         <name>_args_main</name>
         <value>0x102d5</value>
         <object_component_ref idref="oc-65"/>
      </symbol>
      <symbol id="sm-46b">
         <name>__TI_auto_init</name>
         <value>0x10109</value>
         <object_component_ref idref="oc-5f"/>
      </symbol>
      <symbol id="sm-485">
         <name>copy_in</name>
         <value>0x10289</value>
         <object_component_ref idref="oc-a2"/>
      </symbol>
      <symbol id="sm-48f">
         <name>_system_post_cinit</name>
         <value>0x10373</value>
         <object_component_ref idref="oc-a8"/>
      </symbol>
      <symbol id="sm-4d4">
         <name>CS_startHFXT</name>
         <value>0x10369</value>
         <object_component_ref idref="oc-ca"/>
      </symbol>
      <symbol id="sm-4d5">
         <name>CS_setExternalClockSourceFrequency</name>
         <value>0x102ed</value>
         <object_component_ref idref="oc-c4"/>
      </symbol>
      <symbol id="sm-4d6">
         <name>CS_startHFXTWithTimeout</name>
         <value>0xfee5</value>
         <object_component_ref idref="oc-11c"/>
      </symbol>
      <symbol id="sm-4fa">
         <name>SysCtl_getNMISourceStatus</name>
         <value>0x10351</value>
         <object_component_ref idref="oc-17f"/>
      </symbol>
      <symbol id="sm-4fb">
         <name>SysCtl_enableNMISource</name>
         <value>0x10325</value>
         <object_component_ref idref="oc-191"/>
      </symbol>
      <symbol id="sm-4fc">
         <name>SysCtl_disableNMISource</name>
         <value>0x10315</value>
         <object_component_ref idref="oc-185"/>
      </symbol>
      <symbol id="sm-4fe">
         <name>__TI_static_base__</name>
         <value>0x0</value>
      </symbol>
      <symbol id="sm-501">
         <name>SHT$$INIT_ARRAY$$Limit</name>
         <value>0x0</value>
      </symbol>
      <symbol id="sm-502">
         <name>SHT$$INIT_ARRAY$$Base</name>
         <value>0x0</value>
      </symbol>
      <symbol id="sm-503">
         <name>NMI_Handler</name>
         <value>0x1034f</value>
      </symbol>
      <symbol id="sm-504">
         <name>HardFault_Handler</name>
         <value>0x1034f</value>
      </symbol>
      <symbol id="sm-505">
         <name>MemManage_Handler</name>
         <value>0x1034f</value>
      </symbol>
      <symbol id="sm-506">
         <name>BusFault_Handler</name>
         <value>0x1034f</value>
      </symbol>
      <symbol id="sm-507">
         <name>UsageFault_Handler</name>
         <value>0x1034f</value>
      </symbol>
      <symbol id="sm-508">
         <name>SVC_Handler</name>
         <value>0x1034f</value>
      </symbol>
      <symbol id="sm-509">
         <name>DebugMon_Handler</name>
         <value>0x1034f</value>
      </symbol>
      <symbol id="sm-50a">
         <name>PendSV_Handler</name>
         <value>0x1034f</value>
      </symbol>
      <symbol id="sm-50b">
         <name>SysTick_Handler</name>
         <value>0xfe85</value>
      </symbol>
      <symbol id="sm-50c">
         <name>PSS_IRQHandler</name>
         <value>0x1034f</value>
      </symbol>
      <symbol id="sm-50d">
         <name>CS_IRQHandler</name>
         <value>0x1034f</value>
      </symbol>
      <symbol id="sm-50e">
         <name>PCM_IRQHandler</name>
         <value>0x1034f</value>
      </symbol>
      <symbol id="sm-50f">
         <name>WDT_A_IRQHandler</name>
         <value>0x1034f</value>
      </symbol>
      <symbol id="sm-510">
         <name>FPU_IRQHandler</name>
         <value>0x1034f</value>
      </symbol>
      <symbol id="sm-511">
         <name>FLCTL_IRQHandler</name>
         <value>0x1034f</value>
      </symbol>
      <symbol id="sm-512">
         <name>COMP_E0_IRQHandler</name>
         <value>0x1034f</value>
      </symbol>
      <symbol id="sm-513">
         <name>COMP_E1_IRQHandler</name>
         <value>0x1034f</value>
      </symbol>
      <symbol id="sm-514">
         <name>TA0_0_IRQHandler</name>
         <value>0x1034f</value>
      </symbol>
      <symbol id="sm-515">
         <name>TA0_N_IRQHandler</name>
         <value>0x1034f</value>
      </symbol>
      <symbol id="sm-516">
         <name>TA1_0_IRQHandler</name>
         <value>0x1034f</value>
      </symbol>
      <symbol id="sm-517">
         <name>TA1_N_IRQHandler</name>
         <value>0x1034f</value>
      </symbol>
      <symbol id="sm-518">
         <name>TA2_0_IRQHandler</name>
         <value>0x1034f</value>
      </symbol>
      <symbol id="sm-519">
         <name>TA2_N_IRQHandler</name>
         <value>0x1034f</value>
      </symbol>
      <symbol id="sm-51a">
         <name>TA3_0_IRQHandler</name>
         <value>0x1034f</value>
      </symbol>
      <symbol id="sm-51b">
         <name>TA3_N_IRQHandler</name>
         <value>0x1034f</value>
      </symbol>
      <symbol id="sm-51c">
         <name>EUSCIA0_IRQHandler</name>
         <value>0x1034f</value>
      </symbol>
      <symbol id="sm-51d">
         <name>EUSCIA1_IRQHandler</name>
         <value>0x1034f</value>
      </symbol>
      <symbol id="sm-51e">
         <name>EUSCIA2_IRQHandler</name>
         <value>0x1034f</value>
      </symbol>
      <symbol id="sm-51f">
         <name>EUSCIA3_IRQHandler</name>
         <value>0x1034f</value>
      </symbol>
      <symbol id="sm-520">
         <name>EUSCIB0_IRQHandler</name>
         <value>0x1034f</value>
      </symbol>
      <symbol id="sm-521">
         <name>EUSCIB1_IRQHandler</name>
         <value>0x1034f</value>
      </symbol>
      <symbol id="sm-522">
         <name>EUSCIB2_IRQHandler</name>
         <value>0x1034f</value>
      </symbol>
      <symbol id="sm-523">
         <name>EUSCIB3_IRQHandler</name>
         <value>0x1034f</value>
      </symbol>
      <symbol id="sm-524">
         <name>ADC14_IRQHandler</name>
         <value>0x1034f</value>
      </symbol>
      <symbol id="sm-525">
         <name>T32_INT1_IRQHandler</name>
         <value>0x1034f</value>
      </symbol>
      <symbol id="sm-526">
         <name>T32_INT2_IRQHandler</name>
         <value>0x1034f</value>
      </symbol>
      <symbol id="sm-527">
         <name>T32_INTC_IRQHandler</name>
         <value>0x1034f</value>
      </symbol>
      <symbol id="sm-528">
         <name>AES256_IRQHandler</name>
         <value>0x1034f</value>
      </symbol>
      <symbol id="sm-529">
         <name>RTC_C_IRQHandler</name>
         <value>0x1034f</value>
      </symbol>
      <symbol id="sm-52a">
         <name>DMA_ERR_IRQHandler</name>
         <value>0x1034f</value>
      </symbol>
      <symbol id="sm-52b">
         <name>DMA_INT3_IRQHandler</name>
         <value>0x1034f</value>
      </symbol>
      <symbol id="sm-52c">
         <name>DMA_INT2_IRQHandler</name>
         <value>0x1034f</value>
      </symbol>
      <symbol id="sm-52d">
         <name>DMA_INT1_IRQHandler</name>
         <value>0x1034f</value>
      </symbol>
      <symbol id="sm-52e">
         <name>DMA_INT0_IRQHandler</name>
         <value>0x1034f</value>
      </symbol>
      <symbol id="sm-52f">
         <name>PORT1_IRQHandler</name>
         <value>0x1034f</value>
      </symbol>
      <symbol id="sm-530">
         <name>PORT2_IRQHandler</name>
         <value>0x1034f</value>
      </symbol>
      <symbol id="sm-531">
         <name>PORT3_IRQHandler</name>
         <value>0xfd97</value>
      </symbol>
      <symbol id="sm-532">
         <name>PORT4_IRQHandler</name>
         <value>0x1034f</value>
      </symbol>
      <symbol id="sm-533">
         <name>PORT5_IRQHandler</name>
         <value>0xfd57</value>
      </symbol>
      <symbol id="sm-534">
         <name>PORT6_IRQHandler</name>
         <value>0x1034f</value>
      </symbol>
   </symbol_table>
   <title>Link successful</title>
</link_info>
