******************************************************************************
                  TI ARM Linker PC v16.9.0                     
******************************************************************************
>> Linked Mon Jul 10 18:20:48 2017

OUTPUT FILE NAME:   <Slot_Machine.out>
ENTRY POINT SYMBOL: "_c_int00"  address: 000101e1


MEMORY CONFIGURATION

         name            origin    length      used     unused   attr    fill
----------------------  --------  ---------  --------  --------  ----  --------
  MAIN                  00000000   00040000  000103bc  0002fc44  R  X
  INFO                  00200000   00004000  00000000  00004000  R  X
  SRAM_CODE             01000000   00010000  00000272  0000fd8e  RW X
  SRAM_DATA             20000000   00010000  00000272  0000fd8e  RW  


SEGMENT ALLOCATION MAP

run origin  load origin   length   init length attrs members
----------  ----------- ---------- ----------- ----- -------
00000000    00000000    000103c0   000103c0    r-x
  00000000    00000000    000000e4   000000e4    r-- .intvecs
  000000e4    000000e4    0000e100   0000e100    r-- .const
  0000e1e4    0000e1e4    00002190   00002190    r-x .text
  00010378    00010378    00000048   00000048    r-- .cinit
20000000    20000000    00000072   00000000    rw-
  20000000    20000000    00000040   00000000    rw- .data
  20000040    20000040    00000032   00000000    rw- .bss
2000fe00    2000fe00    00000200   00000000    rw-
  2000fe00    2000fe00    00000200   00000000    rw- .stack


SECTION ALLOCATION MAP

 output                                  attributes/
section   page    origin      length       input sections
--------  ----  ----------  ----------   ----------------
.intvecs   0    00000000    000000e4     
                  00000000    000000e4     startup_msp432p401r_ccs.obj (.intvecs:retain)

.binit     0    00000000    00000000     

.const     0    000000e4    0000e100     
                  000000e4    00009600     game.obj (.const:bgnd)
                  000096e4    00000834     game.obj (.const:lose)
                  00009f18    00000834     game.obj (.const:start)
                  0000a74c    00000834     game.obj (.const:win)
                  0000af80    000004fb     ST7735.obj (.const:.string:Font)
                  0000b47b    00000001     --HOLE-- [fill = 0]
                  0000b47c    000004b0     game.obj (.const:bar)
                  0000b92c    000004b0     game.obj (.const:bell)
                  0000bddc    000004b0     game.obj (.const:brinjal)
                  0000c28c    000004b0     game.obj (.const:cheery)
                  0000c73c    000004b0     game.obj (.const:grapes)
                  0000cbec    000004b0     game.obj (.const:orange)
                  0000d09c    000004b0     game.obj (.const:pear)
                  0000d54c    000004b0     game.obj (.const:seven)
                  0000d9fc    000004b0     game.obj (.const:watermelon)
                  0000deac    00000200     ST7735.obj (.const:.string:dBfs)
                  0000e0ac    00000067     ST7735.obj (.const:.string:Bcmd)
                  0000e113    0000003b     ST7735.obj (.const:.string:Rcmd1)
                  0000e14e    0000002b     ST7735.obj (.const:.string:Rcmd3)
                  0000e179    00000001     --HOLE-- [fill = 0]
                  0000e17a    00000012     game.obj (.const:slotOne)
                  0000e18c    00000012     game.obj (.const:slotThree)
                  0000e19e    00000012     game.obj (.const:slotTwo)
                  0000e1b0    0000000d     ST7735.obj (.const:.string:Rcmd2green)
                  0000e1bd    0000000d     ST7735.obj (.const:.string:Rcmd2red)
                  0000e1ca    00000002     --HOLE-- [fill = 0]
                  0000e1cc    0000000c     game.obj (.const:slotXValues)
                  0000e1d8    0000000c     game.obj (.const:slotYValues)

.text      0    0000e1e4    00002190     
                  0000e1e4    000013c4     ST7735.obj (.text)
                  0000f5a8    000003b0     game.obj (.text)
                  0000f958    0000032c     system_msp432p401r.obj (.text)
                  0000fc84    00000184     main.obj (.text)
                  0000fe08    000000dc     supportFunctions.obj (.text)
                  0000fee4    0000009c     msp432p4xx_driverlib.lib : cs.o (.text:CS_startHFXTWithTimeout)
                  0000ff80    0000009c     rtsv7M4_T_le_v4SPD16_eabi.lib : memcpy_t2.obj (.text)
                  0001001c    0000007a                                   : memset_t2.obj (.text)
                  00010096    00000002                                   : mpu_init.obj (.text)
                  00010098    00000070     msp432p4xx_driverlib.lib : cs.o (.text:_CSGetHFXTFrequency)
                  00010108    00000070     rtsv7M4_T_le_v4SPD16_eabi.lib : autoinit.obj (.text)
                  00010178    00000068                                   : copy_decompress_lzss.obj (.text:decompress:lzss)
                  000101e0    00000054                                   : boot.obj (.text)
                  00010234    00000054                                   : exit.obj (.text)
                  00010288    0000004c                                   : cpy_tbl.obj (.text)
                  000102d4    00000018                                   : args_main.obj (.text)
                  000102ec    00000014     msp432p4xx_driverlib.lib : cs.o (.text:CS_setExternalClockSourceFrequency)
                  00010300    00000014     rtsv7M4_T_le_v4SPD16_eabi.lib : _lock.obj (.text)
                  00010314    00000010     msp432p4xx_driverlib.lib : sysctl.o (.text:SysCtl_disableNMISource)
                  00010324    00000010                              : sysctl.o (.text:SysCtl_enableNMISource)
                  00010334    0000000e     rtsv7M4_T_le_v4SPD16_eabi.lib : copy_decompress_none.obj (.text:decompress:none)
                  00010342    0000000e     startup_msp432p401r_ccs.obj (.text)
                  00010350    0000000c     msp432p4xx_driverlib.lib : sysctl.o (.text:SysCtl_getNMISourceStatus)
                  0001035c    0000000c     rtsv7M4_T_le_v4SPD16_eabi.lib : copy_zero_init.obj (.text:decompress:ZI)
                  00010368    00000006     msp432p4xx_driverlib.lib : cs.o (.text:CS_startHFXT)
                  0001036e    00000004     rtsv7M4_T_le_v4SPD16_eabi.lib : pre_init.obj (.text)
                  00010372    00000002                                   : startup.obj (.text)

.cinit     0    00010378    00000048     
                  00010378    00000024     (.cinit..data.load) [load image, compression = lzss]
                  0001039c    0000000c     (__TI_handler_table)
                  000103a8    00000008     (.cinit..bss.load) [load image, compression = zero_init]
                  000103b0    00000010     (__TI_cinit_table)

.init_array 
*          0    00000000    00000000     UNINITIALIZED

.data      0    20000000    00000040     UNINITIALIZED
                  20000000    00000014     ST7735.obj (.data)
                  20000014    00000010     game.obj (.data)
                  20000024    0000000c     rtsv7M4_T_le_v4SPD16_eabi.lib : exit.obj (.data:$O1$$)
                  20000030    00000008                                   : _lock.obj (.data:$O1$$)
                  20000038    00000004                                   : stkdepth_vars.obj (.data)
                  2000003c    00000004     system_msp432p401r.obj (.data)

.bss       0    20000040    00000032     UNINITIALIZED
                  20000040    0000000c     (.common:Message)
                  2000004c    00000004     ST7735.obj (.bss)
                  20000050    00000004     (.common:Messageindex)
                  20000054    00000004     (.common:X)
                  20000058    00000004     (.common:Ymax)
                  2000005c    00000004     (.common:Ymin)
                  20000060    00000004     (.common:Yrange)
                  20000064    00000004     (.common:hfxtFreq)
                  20000068    00000004     (.common:intervalCnt)
                  2000006c    00000004     (.common:lfxtFreq)
                  20000070    00000001     (.common:CurrentState)
                  20000071    00000001     (.common:ms_timeout)

.stack     0    2000fe00    00000200     UNINITIALIZED
                  2000fe00    00000200     --HOLE--

MODULE SUMMARY

       Module                        code   ro data   rw data
       ------                        ----   -------   -------
    .\
       game.obj                      944    55578     44     
       ST7735.obj                    5060   2018      112    
       system_msp432p401r.obj        812    0         8      
       main.obj                      388    0         0      
       startup_msp432p401r_ccs.obj   14     228       0      
       supportFunctions.obj          220    0         0      
    +--+-----------------------------+------+---------+---------+
       Total:                        7438   57824     164    
                                                             
    C:/ti/msp/MSP432Ware_3_50_00_02/driverlib/driverlib/MSP432P4xx/ccs/msp432p4xx_driverlib.lib
       cs.o                          294    0         16     
       sysctl.o                      44     0         0      
    +--+-----------------------------+------+---------+---------+
       Total:                        338    0         16     
                                                             
    C:\ti\ccsv7\tools\compiler\ti-cgt-arm_16.9.0.LTS\lib\rtsv7M4_T_le_v4SPD16_eabi.lib
       memcpy_t2.obj                 156    0         0      
       memset_t2.obj                 122    0         0      
       autoinit.obj                  112    0         0      
       exit.obj                      84     0         24     
       copy_decompress_lzss.obj      104    0         0      
       boot.obj                      84     0         0      
       cpy_tbl.obj                   76     0         0      
       _lock.obj                     20     0         16     
       args_main.obj                 24     0         0      
       copy_decompress_none.obj      14     0         0      
       copy_zero_init.obj            12     0         0      
       stkdepth_vars.obj             0      0         8      
       pre_init.obj                  4      0         0      
       mpu_init.obj                  2      0         0      
       startup.obj                   2      0         0      
    +--+-----------------------------+------+---------+---------+
       Total:                        816    0         48     
                                                             
       Stack:                        0      0         1024   
       Linker Generated:             0      72        0      
    +--+-----------------------------+------+---------+---------+
       Grand Total:                  8592   57896     1252   


LINKER GENERATED COPY TABLES

__TI_cinit_table @ 000103b0 records: 2, size/record: 8, table size: 16
	.data: load addr=00010378, load size=00000024 bytes, run addr=20000000, run size=00000040 bytes, compression=lzss
	.bss: load addr=000103a8, load size=00000008 bytes, run addr=20000040, run size=00000032 bytes, compression=zero_init


LINKER GENERATED HANDLER TABLE

__TI_handler_table @ 0001039c records: 3, size/record: 4, table size: 12
	index: 0, handler: __TI_decompress_lzss
	index: 1, handler: __TI_decompress_none
	index: 2, handler: __TI_zero_init


GLOBAL SYMBOLS: SORTED ALPHABETICALLY BY Name 

address   name                              
-------   ----                              
0001034f  ADC14_IRQHandler                  
0001034f  AES256_IRQHandler                 
0001034f  BusFault_Handler                  
00010235  C$$EXIT                           
0001034f  COMP_E0_IRQHandler                
0001034f  COMP_E1_IRQHandler                
0001034f  CS_IRQHandler                     
000102ed  CS_setExternalClockSourceFrequency
00010369  CS_startHFXT                      
0000fee5  CS_startHFXTWithTimeout           
20000070  CurrentState                      
0001034f  DMA_ERR_IRQHandler                
0001034f  DMA_INT0_IRQHandler               
0001034f  DMA_INT1_IRQHandler               
0001034f  DMA_INT2_IRQHandler               
0001034f  DMA_INT3_IRQHandler               
0001034f  DebugMon_Handler                  
0001034f  Default_Handler                   
0000e25b  Delay1ms                          
0001034f  EUSCIA0_IRQHandler                
0001034f  EUSCIA1_IRQHandler                
0001034f  EUSCIA2_IRQHandler                
0001034f  EUSCIA3_IRQHandler                
0001034f  EUSCIB0_IRQHandler                
0001034f  EUSCIB1_IRQHandler                
0001034f  EUSCIB2_IRQHandler                
0001034f  EUSCIB3_IRQHandler                
0001034f  FLCTL_IRQHandler                  
0001034f  FPU_IRQHandler                    
0001034f  HardFault_Handler                 
0001034f  MemManage_Handler                 
20000040  Message                           
20000050  Messageindex                      
0001034f  NMI_Handler                       
0000f547  Output_Clear                      
0000f561  Output_Color                      
0000f537  Output_Init                       
0000f551  Output_Off                        
0000f559  Output_On                         
0001034f  PCM_IRQHandler                    
0001034f  PORT1_IRQHandler                  
0001034f  PORT2_IRQHandler                  
0000fd97  PORT3_IRQHandler                  
0000fd97  PORT3_IRQHandler                  
0001034f  PORT4_IRQHandler                  
0000fd57  PORT5_IRQHandler                  
0000fd57  PORT5_IRQHandler                  
0001034f  PORT6_IRQHandler                  
0001034f  PSS_IRQHandler                    
0001034f  PendSV_Handler                    
0001034f  RTC_C_IRQHandler                  
00010343  Reset_Handler                     
UNDEFED   SHT$$INIT_ARRAY$$Base             
UNDEFED   SHT$$INIT_ARRAY$$Limit            
0000e88d  ST7735_Color565                   
0000e8f1  ST7735_DrawBitmap                 
0000ec65  ST7735_DrawChar                   
0000eaed  ST7735_DrawCharS                  
0000e695  ST7735_DrawFastHLine              
0000e5b7  ST7735_DrawFastVLine              
0000e55d  ST7735_DrawPixel                  
0000edd9  ST7735_DrawString                 
0000e781  ST7735_FillRect                   
0000e73f  ST7735_FillScreen                 
0000e42b  ST7735_InitB                      
0000e44b  ST7735_InitR                      
0000f00b  ST7735_InvertDisplay              
0000f449  ST7735_OutChar                    
0000f505  ST7735_OutString                  
0000eec5  ST7735_OutUDec                    
0000f355  ST7735_PlotBar                    
0000f023  ST7735_PlotClear                  
0000f145  ST7735_PlotLine                   
0000f3f5  ST7735_PlotNext                   
0000f40f  ST7735_PlotNextErase              
0000f07f  ST7735_PlotPoint                  
0000f27f  ST7735_PlotPoints                 
0000f3ab  ST7735_PlotdBfs                   
0000ee9f  ST7735_SetCursor                  
0000ef41  ST7735_SetRotation                
0000f523  ST7735_SetTextColor               
0000e8c5  ST7735_SwapColor                  
0001034f  SVC_Handler                       
20000008  StTextColor                       
20000000  StX                               
20000004  StY                               
00010315  SysCtl_disableNMISource           
00010325  SysCtl_enableNMISource            
00010351  SysCtl_getNMISourceStatus         
0000fe85  SysTick_Handler                   
0000fe85  SysTick_Handler                   
2000003c  SystemCoreClock                   
0000f959  SystemCoreClockUpdate             
0000fbcd  SystemInit                        
0001034f  T32_INT1_IRQHandler               
0001034f  T32_INT2_IRQHandler               
0001034f  T32_INTC_IRQHandler               
0001034f  TA0_0_IRQHandler                  
0001034f  TA0_N_IRQHandler                  
0001034f  TA1_0_IRQHandler                  
0001034f  TA1_N_IRQHandler                  
0001034f  TA2_0_IRQHandler                  
0001034f  TA2_N_IRQHandler                  
0001034f  TA3_0_IRQHandler                  
0001034f  TA3_N_IRQHandler                  
0001034f  UsageFault_Handler                
4000480c  WDTCTL_SYM                        
0001034f  WDT_A_IRQHandler                  
20000054  X                                 
20000058  Ymax                              
2000005c  Ymin                              
20000060  Yrange                            
20010000  __STACK_END                       
00000200  __STACK_SIZE                      
000103b0  __TI_CINIT_Base                   
000103c0  __TI_CINIT_Limit                  
0001039c  __TI_Handler_Table_Base           
000103a8  __TI_Handler_Table_Limit          
00010109  __TI_auto_init                    
20000024  __TI_cleanup_ptr                  
00010179  __TI_decompress_lzss              
00010335  __TI_decompress_none              
20000028  __TI_dtors_ptr                    
2000002c  __TI_enable_exit_profile_output   
ffffffff  __TI_pprof_out_hndl               
ffffffff  __TI_prof_data_size               
ffffffff  __TI_prof_data_start              
00000000  __TI_static_base__                
0001035d  __TI_zero_init                    
0001001d  __aeabi_memclr                    
0001001d  __aeabi_memclr4                   
0001001d  __aeabi_memclr8                   
0000ff81  __aeabi_memcpy                    
0000ff81  __aeabi_memcpy4                   
0000ff81  __aeabi_memcpy8                   
0001001f  __aeabi_memset                    
0001001f  __aeabi_memset4                   
0001001f  __aeabi_memset8                   
ffffffff  __binit__                         
ffffffff  __c_args__                        
00010097  __mpu_init                        
2000fe00  __stack                           
000102d5  _args_main                        
000101e1  _c_int00                          
20000030  _lock                             
0001030f  _nop                              
00010307  _register_lock                    
00010301  _register_unlock                  
00010373  _system_post_cinit                
0001036f  _system_pre_init                  
20000034  _unlock                           
00010239  abort                             
0000b47c  bar                               
0000b92c  bell                              
000000e4  bgnd                              
ffffffff  binit                             
0000bddc  brinjal                           
0000f8d1  checkWin                          
0000c28c  cheery                            
0000fe09  clockInit48MHzXTL                 
00010289  copy_in                           
0000deac  dBfs                              
0000fe95  delayNms                          
0000f5f1  displaySlotOne                    
0000f6e9  displaySlotThree                  
0000f66d  displaySlotTwo                    
00010241  exit                              
0000ee5d  fillmessage                       
0000f86b  game                              
0000c73c  grapes                            
0000f5a9  initLCD                           
0000f5b3  initState                         
00000000  interruptVectors                  
20000068  intervalCnt                       
20000010  lastj                             
000096e4  lose                              
0000fc85  main                              
20000038  main_func_sp                      
0000ff81  memcpy                            
00010025  memset                            
20000071  ms_timeout                        
0000cbec  orange                            
0000e24d  parrotdelay                       
0000d09c  pear                              
0000f765  roll                              
0000d54c  seven                             
0000e17a  slotOne                           
0000e18c  slotThree                         
0000e19e  slotTwo                           
0000e1cc  slotXValues                       
0000e1d8  slotYValues                       
00009f18  start                             
0000f7c9  stopOne                           
0000f84f  stopThree                         
0000f817  stopTwo                           
0000d9fc  watermelon                        
0000a74c  win                               


GLOBAL SYMBOLS: SORTED BY Symbol Address 

address   name                              
-------   ----                              
00000000  __TI_static_base__                
00000000  interruptVectors                  
000000e4  bgnd                              
00000200  __STACK_SIZE                      
000096e4  lose                              
00009f18  start                             
0000a74c  win                               
0000b47c  bar                               
0000b92c  bell                              
0000bddc  brinjal                           
0000c28c  cheery                            
0000c73c  grapes                            
0000cbec  orange                            
0000d09c  pear                              
0000d54c  seven                             
0000d9fc  watermelon                        
0000deac  dBfs                              
0000e17a  slotOne                           
0000e18c  slotThree                         
0000e19e  slotTwo                           
0000e1cc  slotXValues                       
0000e1d8  slotYValues                       
0000e24d  parrotdelay                       
0000e25b  Delay1ms                          
0000e42b  ST7735_InitB                      
0000e44b  ST7735_InitR                      
0000e55d  ST7735_DrawPixel                  
0000e5b7  ST7735_DrawFastVLine              
0000e695  ST7735_DrawFastHLine              
0000e73f  ST7735_FillScreen                 
0000e781  ST7735_FillRect                   
0000e88d  ST7735_Color565                   
0000e8c5  ST7735_SwapColor                  
0000e8f1  ST7735_DrawBitmap                 
0000eaed  ST7735_DrawCharS                  
0000ec65  ST7735_DrawChar                   
0000edd9  ST7735_DrawString                 
0000ee5d  fillmessage                       
0000ee9f  ST7735_SetCursor                  
0000eec5  ST7735_OutUDec                    
0000ef41  ST7735_SetRotation                
0000f00b  ST7735_InvertDisplay              
0000f023  ST7735_PlotClear                  
0000f07f  ST7735_PlotPoint                  
0000f145  ST7735_PlotLine                   
0000f27f  ST7735_PlotPoints                 
0000f355  ST7735_PlotBar                    
0000f3ab  ST7735_PlotdBfs                   
0000f3f5  ST7735_PlotNext                   
0000f40f  ST7735_PlotNextErase              
0000f449  ST7735_OutChar                    
0000f505  ST7735_OutString                  
0000f523  ST7735_SetTextColor               
0000f537  Output_Init                       
0000f547  Output_Clear                      
0000f551  Output_Off                        
0000f559  Output_On                         
0000f561  Output_Color                      
0000f5a9  initLCD                           
0000f5b3  initState                         
0000f5f1  displaySlotOne                    
0000f66d  displaySlotTwo                    
0000f6e9  displaySlotThree                  
0000f765  roll                              
0000f7c9  stopOne                           
0000f817  stopTwo                           
0000f84f  stopThree                         
0000f86b  game                              
0000f8d1  checkWin                          
0000f959  SystemCoreClockUpdate             
0000fbcd  SystemInit                        
0000fc85  main                              
0000fd57  PORT5_IRQHandler                  
0000fd57  PORT5_IRQHandler                  
0000fd97  PORT3_IRQHandler                  
0000fd97  PORT3_IRQHandler                  
0000fe09  clockInit48MHzXTL                 
0000fe85  SysTick_Handler                   
0000fe85  SysTick_Handler                   
0000fe95  delayNms                          
0000fee5  CS_startHFXTWithTimeout           
0000ff81  __aeabi_memcpy                    
0000ff81  __aeabi_memcpy4                   
0000ff81  __aeabi_memcpy8                   
0000ff81  memcpy                            
0001001d  __aeabi_memclr                    
0001001d  __aeabi_memclr4                   
0001001d  __aeabi_memclr8                   
0001001f  __aeabi_memset                    
0001001f  __aeabi_memset4                   
0001001f  __aeabi_memset8                   
00010025  memset                            
00010097  __mpu_init                        
00010109  __TI_auto_init                    
00010179  __TI_decompress_lzss              
000101e1  _c_int00                          
00010235  C$$EXIT                           
00010239  abort                             
00010241  exit                              
00010289  copy_in                           
000102d5  _args_main                        
000102ed  CS_setExternalClockSourceFrequency
00010301  _register_unlock                  
00010307  _register_lock                    
0001030f  _nop                              
00010315  SysCtl_disableNMISource           
00010325  SysCtl_enableNMISource            
00010335  __TI_decompress_none              
00010343  Reset_Handler                     
0001034f  ADC14_IRQHandler                  
0001034f  AES256_IRQHandler                 
0001034f  BusFault_Handler                  
0001034f  COMP_E0_IRQHandler                
0001034f  COMP_E1_IRQHandler                
0001034f  CS_IRQHandler                     
0001034f  DMA_ERR_IRQHandler                
0001034f  DMA_INT0_IRQHandler               
0001034f  DMA_INT1_IRQHandler               
0001034f  DMA_INT2_IRQHandler               
0001034f  DMA_INT3_IRQHandler               
0001034f  DebugMon_Handler                  
0001034f  Default_Handler                   
0001034f  EUSCIA0_IRQHandler                
0001034f  EUSCIA1_IRQHandler                
0001034f  EUSCIA2_IRQHandler                
0001034f  EUSCIA3_IRQHandler                
0001034f  EUSCIB0_IRQHandler                
0001034f  EUSCIB1_IRQHandler                
0001034f  EUSCIB2_IRQHandler                
0001034f  EUSCIB3_IRQHandler                
0001034f  FLCTL_IRQHandler                  
0001034f  FPU_IRQHandler                    
0001034f  HardFault_Handler                 
0001034f  MemManage_Handler                 
0001034f  NMI_Handler                       
0001034f  PCM_IRQHandler                    
0001034f  PORT1_IRQHandler                  
0001034f  PORT2_IRQHandler                  
0001034f  PORT4_IRQHandler                  
0001034f  PORT6_IRQHandler                  
0001034f  PSS_IRQHandler                    
0001034f  PendSV_Handler                    
0001034f  RTC_C_IRQHandler                  
0001034f  SVC_Handler                       
0001034f  T32_INT1_IRQHandler               
0001034f  T32_INT2_IRQHandler               
0001034f  T32_INTC_IRQHandler               
0001034f  TA0_0_IRQHandler                  
0001034f  TA0_N_IRQHandler                  
0001034f  TA1_0_IRQHandler                  
0001034f  TA1_N_IRQHandler                  
0001034f  TA2_0_IRQHandler                  
0001034f  TA2_N_IRQHandler                  
0001034f  TA3_0_IRQHandler                  
0001034f  TA3_N_IRQHandler                  
0001034f  UsageFault_Handler                
0001034f  WDT_A_IRQHandler                  
00010351  SysCtl_getNMISourceStatus         
0001035d  __TI_zero_init                    
00010369  CS_startHFXT                      
0001036f  _system_pre_init                  
00010373  _system_post_cinit                
0001039c  __TI_Handler_Table_Base           
000103a8  __TI_Handler_Table_Limit          
000103b0  __TI_CINIT_Base                   
000103c0  __TI_CINIT_Limit                  
20000000  StX                               
20000004  StY                               
20000008  StTextColor                       
20000010  lastj                             
20000024  __TI_cleanup_ptr                  
20000028  __TI_dtors_ptr                    
2000002c  __TI_enable_exit_profile_output   
20000030  _lock                             
20000034  _unlock                           
20000038  main_func_sp                      
2000003c  SystemCoreClock                   
20000040  Message                           
20000050  Messageindex                      
20000054  X                                 
20000058  Ymax                              
2000005c  Ymin                              
20000060  Yrange                            
20000068  intervalCnt                       
20000070  CurrentState                      
20000071  ms_timeout                        
2000fe00  __stack                           
20010000  __STACK_END                       
4000480c  WDTCTL_SYM                        
ffffffff  __TI_pprof_out_hndl               
ffffffff  __TI_prof_data_size               
ffffffff  __TI_prof_data_start              
ffffffff  __binit__                         
ffffffff  __c_args__                        
ffffffff  binit                             
UNDEFED   SHT$$INIT_ARRAY$$Base             
UNDEFED   SHT$$INIT_ARRAY$$Limit            

[197 symbols]
